<html>
<body>
<pre>
<h1>µVision Build Log</h1>
<h2>Tool Versions:</h2>
IDE-Version: ¦ÌVision V5.33.0.0
Copyright (C) 2020 ARM Ltd and ARM Germany GmbH. All rights reserved.
License Information: CHEN BAILONG, 1, LIC=TIVNB-2I501-CXKU6-D3CFQ-UFX8S-7SIY8
 
Tool Versions:
Toolchain:       MDK-ARM Plus  Version: 5.33.0.0
Toolchain Path:  D:\Keil_v5\ARM\ARMCC\Bin
C Compiler:      Armcc.exe V5.06 update 7 (build 960)
Assembler:       Armasm.exe V5.06 update 7 (build 960)
Linker/Locator:  ArmLink.exe V5.06 update 7 (build 960)
Library Manager: ArmAr.exe V5.06 update 7 (build 960)
Hex Converter:   FromElf.exe V5.06 update 7 (build 960)
CPU DLL:         SARMCM3.DLL V5.33.0.0
Dialog DLL:      DCM.DLL V1.17.3.0
Target DLL:      Segger\JL2CM3.dll V2.97.0.0
Dialog DLL:      TCM.DLL V1.48.0.0
 
<h2>Project:</h2>
C:\Users\42517\Documents\GitHub\ANO_LX_FC_F407\ProjectSTM32F407\ANO_LX_STM32F407.uvprojx
Project File Date:  04/01/2021

<h2>Output:</h2>
*** Using Compiler 'V5.06 update 7 (build 960)', folder: 'D:\Keil_v5\ARM\ARMCC\Bin'
Rebuild target 'Ano_LX'
compiling main.c...
compiling LX_FC_Fun.c...
compiling ANO_DT_LX.c...
compiling LX_FC_EXT_Sensor.c...
compiling ANO_LX.c...
compiling Ano_Scheduler.c...
compiling User_Task.c...
..\FcSrc\User_Task.c(12): warning:  #550-D: variable "mission_step"  was set but never used
      static u8 mission_step;
..\FcSrc\User_Task.c: 1 warning, 0 errors
compiling Ano_Math.c...
compiling LX_FC_State.c...
compiling Drv_UbloxGPS.c...
compiling Drv_AnoOf.c...
compiling stm32f4xx_it.c...
compiling Drv_BSP.c...
compiling Ano_UWB.c...
..\FcSrc\Ano_UWB.c(139): warning:  #177-D: variable "temp"  was declared but never referenced
  		uint8_t temp=0;
..\FcSrc\Ano_UWB.c(22): warning:  #550-D: variable "UWB_data_cnt"  was set but never used
  static u8 UWB_data_cnt;
..\FcSrc\Ano_UWB.c: 2 warnings, 0 errors
compiling Drv_adc.c...
compiling Drv_Sys.c...
compiling Drv_PwmOut.c...
compiling Drv_Timer.c...
compiling Drv_led.c...
compiling Drv_RcIn.c...
assembling startup_stm32f4xx.s...
compiling Drv_Uart.c...
compiling system_stm32f4xx.c...
compiling misc.c...
compiling stm32f4xx_exti.c...
compiling stm32f4xx_flash.c...
compiling stm32f4xx_adc.c...
compiling stm32f4xx_gpio.c...
compiling stm32f4xx_dma.c...
compiling stm32f4xx_spi.c...
compiling stm32f4xx_usart.c...
compiling stm32f4xx_rcc.c...
compiling stm32f4xx_tim.c...
linking...
Program Size: Code=55496 RO-data=2112 RW-data=424 ZI-data=6648  
FromELF: creating hex file...
After Build - User command #1: fromelf.exe --bin -o ./ANO-LX.bin ./build/Ano_LX.axf
".\build\ANO_LX.axf" - 0 Error(s), 3 Warning(s).

<h2>Software Packages used:</h2>

Package Vendor: Keil
                http://www.keil.com/pack/Keil.STM32F4xx_DFP.2.15.0.pack
                Keil.STM32F4xx_DFP.2.15.0
                STMicroelectronics STM32F4 Series Device Support, Drivers and Examples

<h2>Collection of Component include folders:</h2>
  D:\Keil_v5\ARM\PACK\Keil\STM32F4xx_DFP\2.15.0\Drivers\CMSIS\Device\ST\STM32F4xx\Include

<h2>Collection of Component Files used:</h2>
Build Time Elapsed:  00:00:10
</pre>
</body>
</html>
