Component: ARM Compiler 5.06 update 7 (build 960) Tool: armlink [4d3601]

==============================================================================

Section Cross References

    main.o(.text) refers to drv_bsp.o(.text) for All_Init
    main.o(.text) refers to ano_scheduler.o(.text) for Scheduler_Setup
    ano_scheduler.o(.text) refers to user_task.o(.text) for UserTask_OneKeyCmd
    ano_scheduler.o(.text) refers to drv_sys.o(.text) for GetSysRunTimeMs
    ano_scheduler.o(.text) refers to ano_scheduler.o(.data) for sched_tasks
    ano_scheduler.o(.data) refers to ano_scheduler.o(.text) for Loop_1000Hz
    user_task.o(.text) refers to lx_fc_fun.o(.text) for OneKey_Takeoff
    user_task.o(.text) refers to drv_bsp.o(.bss) for rc_in
    user_task.o(.text) refers to user_task.o(.data) for one_key_takeoff_f
    ano_dt_lx.o(.text) refers to drv_uart.o(.text) for DrvUart5SendBuf
    ano_dt_lx.o(.text) refers to ano_dt_lx.o(.bss) for dt
    ano_dt_lx.o(.text) refers to ano_lx.o(.bss) for pwm_to_esc
    ano_dt_lx.o(.text) refers to drv_led.o(.data) for led
    ano_dt_lx.o(.text) refers to lx_fc_state.o(.bss) for fc_sta
    ano_dt_lx.o(.text) refers to ano_dt_lx.o(.data) for rxstate
    ano_dt_lx.o(.text) refers to ano_lx.o(.data) for fc_bat
    ano_dt_lx.o(.text) refers to lx_fc_ext_sensor.o(.bss) for ext_sens
    ano_dt_lx.o(.text) refers to drv_bsp.o(.bss) for rc_in
    ano_lx.o(.text) refers to lx_fc_fun.o(.text) for LX_Change_Mode
    ano_lx.o(.text) refers to ano_math.o(.text) for my_deadzone
    ano_lx.o(.text) refers to drv_pwmout.o(.text) for DrvMotorPWMSet
    ano_lx.o(.text) refers to drv_adc.o(.text) for Drv_AdcGetBatVot
    ano_lx.o(.text) refers to drv_bsp.o(.bss) for rc_in
    ano_lx.o(.text) refers to ano_lx.o(.data) for mod_f
    ano_lx.o(.text) refers to lx_fc_state.o(.data) for sti_fun
    ano_lx.o(.text) refers to ano_lx.o(.bss) for rt_tar
    ano_lx.o(.text) refers to ano_dt_lx.o(.bss) for dt
    ano_lx.o(.text) refers to lx_fc_state.o(.bss) for fc_sta
    ano_lx.o(.text) refers to drv_bsp.o(.text) for DrvRcInputTask
    ano_lx.o(.text) refers to lx_fc_state.o(.text) for LX_FC_State_Task
    ano_lx.o(.text) refers to drv_anoof.o(.text) for AnoOF_Check_State
    ano_lx.o(.text) refers to drv_uart.o(.text) for DrvUartDataCheck
    ano_lx.o(.text) refers to drv_ubloxgps.o(.text) for GPS_Data_Prepare_Task
    ano_lx.o(.text) refers to lx_fc_ext_sensor.o(.text) for LX_FC_EXT_Sensor_Task
    ano_lx.o(.text) refers to ano_dt_lx.o(.text) for ANO_LX_Data_Exchange_Task
    ano_lx.o(.text) refers to drv_led.o(.text) for LED_1ms_DRV
    lx_fc_ext_sensor.o(.text) refers to drv_anoof.o(.bss) for ano_of
    lx_fc_ext_sensor.o(.text) refers to lx_fc_ext_sensor.o(.data) for of_alt_update_cnt
    lx_fc_ext_sensor.o(.text) refers to lx_fc_ext_sensor.o(.bss) for ext_sens
    lx_fc_ext_sensor.o(.text) refers to ano_dt_lx.o(.bss) for dt
    lx_fc_fun.o(.text) refers to ano_dt_lx.o(.text) for CMD_Send
    lx_fc_fun.o(.text) refers to lx_fc_state.o(.bss) for fc_sta
    lx_fc_fun.o(.text) refers to ano_dt_lx.o(.bss) for dt
    lx_fc_fun.o(.text) refers to lx_fc_fun.o(.data) for old_mode
    lx_fc_state.o(.text) refers to lx_fc_fun.o(.text) for FC_Unlock
    lx_fc_state.o(.text) refers to drv_bsp.o(.bss) for rc_in
    lx_fc_state.o(.text) refers to lx_fc_state.o(.data) for sti_fun
    lx_fc_state.o(.text) refers to lx_fc_state.o(.bss) for fc_sta
    ano_uwb.o(.text) refers to ano_uwb.o(.bss) for uwb_data
    ano_uwb.o(.text) refers to ano_uwb.o(.data) for i
    drv_bsp.o(.text) refers to drv_rcin.o(.text) for DrvRcPpmInit
    drv_bsp.o(.text) refers to drv_sys.o(.text) for DrvSysInit
    drv_bsp.o(.text) refers to drv_led.o(.text) for DvrLedInit
    drv_bsp.o(.text) refers to drv_pwmout.o(.text) for DrvPwmOutInit
    drv_bsp.o(.text) refers to drv_uart.o(.text) for DrvUart1Init
    drv_bsp.o(.text) refers to drv_adc.o(.text) for DrvAdcInit
    drv_bsp.o(.text) refers to ano_dt_lx.o(.text) for ANO_DT_Init
    drv_bsp.o(.text) refers to drv_ubloxgps.o(.text) for Init_GPS
    drv_bsp.o(.text) refers to drv_timer.o(.text) for DrvTimerFcInit
    drv_bsp.o(.text) refers to ano_uwb.o(.text) for Anthor_location_init
    drv_bsp.o(.text) refers to drv_bsp.o(.bss) for rc_in
    drv_bsp.o(.text) refers to drv_bsp.o(.data) for ch_sta
    ano_math.o(.text) refers to cdcmple.o(.text) for __aeabi_cdcmple
    ano_math.o(.text) refers to dmul.o(.text) for __aeabi_dmul
    ano_math.o(.text) refers to dadd.o(.text) for __aeabi_dadd
    ano_math.o(.text) refers to cdrcmple.o(.text) for __aeabi_cdrcmple
    ano_math.o(.text) refers to dflti.o(.text) for __aeabi_i2d
    ano_math.o(.text) refers to d2f.o(.text) for __aeabi_d2f
    ano_math.o(.text) refers to ano_math.o(.constdata) for fast_atan_table
    drv_anoof.o(.text) refers to drv_anoof.o(.bss) for check_time_ms
    drv_anoof.o(.text) refers to drv_anoof.o(.data) for rxstate
    drv_ubloxgps.o(.text) refers to drv_uart.o(.text) for DrvUart1SendBuf
[...]
    ..\\DriversBsp\\Ano_Math.c               0x00000000   Number         0  ano_math.o ABSOLUTE
    ..\\DriversBsp\\Drv_AnoOf.c              0x00000000   Number         0  drv_anoof.o ABSOLUTE
    ..\\DriversBsp\\Drv_BSP.c                0x00000000   Number         0  drv_bsp.o ABSOLUTE
    ..\\DriversBsp\\Drv_UbloxGPS.c           0x00000000   Number         0  drv_ubloxgps.o ABSOLUTE
    ..\\DriversMcu\\STM32F407\\Drivers\\Drv_PwmOut.c 0x00000000   Number         0  drv_pwmout.o ABSOLUTE
    ..\\DriversMcu\\STM32F407\\Drivers\\Drv_RcIn.c 0x00000000   Number         0  drv_rcin.o ABSOLUTE
    ..\\DriversMcu\\STM32F407\\Drivers\\Drv_Sys.c 0x00000000   Number         0  drv_sys.o ABSOLUTE
    ..\\DriversMcu\\STM32F407\\Drivers\\Drv_Timer.c 0x00000000   Number         0  drv_timer.o ABSOLUTE
    ..\\DriversMcu\\STM32F407\\Drivers\\Drv_Uart.c 0x00000000   Number         0  drv_uart.o ABSOLUTE
    ..\\DriversMcu\\STM32F407\\Drivers\\Drv_adc.c 0x00000000   Number         0  drv_adc.o ABSOLUTE
    ..\\DriversMcu\\STM32F407\\Drivers\\Drv_led.c 0x00000000   Number         0  drv_led.o ABSOLUTE
    ..\\DriversMcu\\STM32F407\\Drivers\\stm32f4xx_it.c 0x00000000   Number         0  stm32f4xx_it.o ABSOLUTE
    ..\\DriversMcu\\STM32F407\\Libraries\\CMSIS\\ST\\STM32F4xx\\Source\\Templates\\system_stm32f4xx.c 0x00000000   Number         0  system_stm32f4xx.o ABSOLUTE
    ..\\DriversMcu\\STM32F407\\Libraries\\STM32F4xx_StdPeriph_Driver\\src\\misc.c 0x00000000   Number         0  misc.o ABSOLUTE
    ..\\DriversMcu\\STM32F407\\Libraries\\STM32F4xx_StdPeriph_Driver\\src\\stm32f4xx_adc.c 0x00000000   Number         0  stm32f4xx_adc.o ABSOLUTE
    ..\\DriversMcu\\STM32F407\\Libraries\\STM32F4xx_StdPeriph_Driver\\src\\stm32f4xx_dma.c 0x00000000   Number         0  stm32f4xx_dma.o ABSOLUTE
    ..\\DriversMcu\\STM32F407\\Libraries\\STM32F4xx_StdPeriph_Driver\\src\\stm32f4xx_exti.c 0x00000000   Number         0  stm32f4xx_exti.o ABSOLUTE
    ..\\DriversMcu\\STM32F407\\Libraries\\STM32F4xx_StdPeriph_Driver\\src\\stm32f4xx_flash.c 0x00000000   Number         0  stm32f4xx_flash.o ABSOLUTE
    ..\\DriversMcu\\STM32F407\\Libraries\\STM32F4xx_StdPeriph_Driver\\src\\stm32f4xx_gpio.c 0x00000000   Number         0  stm32f4xx_gpio.o ABSOLUTE
    ..\\DriversMcu\\STM32F407\\Libraries\\STM32F4xx_StdPeriph_Driver\\src\\stm32f4xx_rcc.c 0x00000000   Number         0  stm32f4xx_rcc.o ABSOLUTE
    ..\\DriversMcu\\STM32F407\\Libraries\\STM32F4xx_StdPeriph_Driver\\src\\stm32f4xx_spi.c 0x00000000   Number         0  stm32f4xx_spi.o ABSOLUTE
    ..\\DriversMcu\\STM32F407\\Libraries\\STM32F4xx_StdPeriph_Driver\\src\\stm32f4xx_tim.c 0x00000000   Number         0  stm32f4xx_tim.o ABSOLUTE
    ..\\DriversMcu\\STM32F407\\Libraries\\STM32F4xx_StdPeriph_Driver\\src\\stm32f4xx_usart.c 0x00000000   Number         0  stm32f4xx_usart.o ABSOLUTE
    ..\\FcSrc\\ANO_DT_LX.c                   0x00000000   Number         0  ano_dt_lx.o ABSOLUTE
    ..\\FcSrc\\ANO_LX.c                      0x00000000   Number         0  ano_lx.o ABSOLUTE
    ..\\FcSrc\\Ano_Scheduler.c               0x00000000   Number         0  ano_scheduler.o ABSOLUTE
    ..\\FcSrc\\Ano_UWB.c                     0x00000000   Number         0  ano_uwb.o ABSOLUTE
    ..\\FcSrc\\LX_FC_EXT_Sensor.c            0x00000000   Number         0  lx_fc_ext_sensor.o ABSOLUTE
    ..\\FcSrc\\LX_FC_Fun.c                   0x00000000   Number         0  lx_fc_fun.o ABSOLUTE
    ..\\FcSrc\\LX_FC_State.c                 0x00000000   Number         0  lx_fc_state.o ABSOLUTE
    ..\\FcSrc\\User_Task.c                   0x00000000   Number         0  user_task.o ABSOLUTE
    ..\\FcSrc\\main.c                        0x00000000   Number         0  main.o ABSOLUTE
    cdcmple.s                                0x00000000   Number         0  cdcmple.o ABSOLUTE
    cdrcmple.s                               0x00000000   Number         0  cdrcmple.o ABSOLUTE
    dc.s                                     0x00000000   Number         0  dc.o ABSOLUTE
    handlers.s                               0x00000000   Number         0  handlers.o ABSOLUTE
    init.s                                   0x00000000   Number         0  init.o ABSOLUTE
    RESET                                    0x08000000   Section      392  startup_stm32f4xx.o(RESET)
    .ARM.Collect$$$$00000000                 0x08000188   Section        0  entry.o(.ARM.Collect$$$$00000000)
    .ARM.Collect$$$$00000001                 0x08000188   Section        4  entry2.o(.ARM.Collect$$$$00000001)
    .ARM.Collect$$$$00000004                 0x0800018c   Section        4  entry5.o(.ARM.Collect$$$$00000004)
    .ARM.Collect$$$$00000008                 0x08000190   Section        0  entry7b.o(.ARM.Collect$$$$00000008)
    .ARM.Collect$$$$0000000A                 0x08000190   Section        0  entry8b.o(.ARM.Collect$$$$0000000A)
    .ARM.Collect$$$$0000000B                 0x08000190   Section        8  entry9a.o(.ARM.Collect$$$$0000000B)
    .ARM.Collect$$$$0000000E                 0x08000198   Section        4  entry12b.o(.ARM.Collect$$$$0000000E)
    .ARM.Collect$$$$0000000F                 0x0800019c   Section        0  entry10a.o(.ARM.Collect$$$$0000000F)
    .ARM.Collect$$$$00000011                 0x0800019c   Section        0  entry11a.o(.ARM.Collect$$$$00000011)
    .ARM.Collect$$$$00002712                 0x0800019c   Section        4  entry2.o(.ARM.Collect$$$$00002712)
    __lit__00000000                          0x0800019c   Data           4  entry2.o(.ARM.Collect$$$$00002712)
    .text                                    0x080001a0   Section        0  main.o(.text)
    .text                                    0x080001b4   Section        0  ano_scheduler.o(.text)
    Loop_1000Hz                              0x080001b5   Thumb Code     2  ano_scheduler.o(.text)
    Loop_500Hz                               0x080001b7   Thumb Code     2  ano_scheduler.o(.text)
    Loop_200Hz                               0x080001b9   Thumb Code     2  ano_scheduler.o(.text)
    Loop_100Hz                               0x080001bb   Thumb Code     2  ano_scheduler.o(.text)
    Loop_50Hz                                0x080001bd   Thumb Code     8  ano_scheduler.o(.text)
    Loop_20Hz                                0x080001c5   Thumb Code     2  ano_scheduler.o(.text)
    Loop_2Hz                                 0x080001c7   Thumb Code     2  ano_scheduler.o(.text)
    .text                                    0x08000264   Section        0  user_task.o(.text)
    .text                                    0x0800032c   Section        0  ano_dt_lx.o(.text)
    ANO_DT_LX_Send_Data                      0x080003d3   Thumb Code    16  ano_dt_lx.o(.text)
    ANO_DT_LX_Data_Receive_Anl               0x080003fd   Thumb Code   406  ano_dt_lx.o(.text)
    Add_Send_Data                            0x08000695   Thumb Code   434  ano_dt_lx.o(.text)
    Frame_Send                               0x08000847   Thumb Code   190  ano_dt_lx.o(.text)
    Check_To_Send                            0x08000905   Thumb Code   138  ano_dt_lx.o(.text)
    CK_Back_Check                            0x080009e9   Thumb Code    90  ano_dt_lx.o(.text)
    .text                                    0x08000a64   Section        0  ano_lx.o(.text)
    RC_Data_Task                             0x08000a65   Thumb Code   612  ano_lx.o(.text)
    ESC_Output                               0x08000cc9   Thumb Code   364  ano_lx.o(.text)
    Bat_Voltage_Data_Handle                  0x08000e35   Thumb Code   120  ano_lx.o(.text)
    .text                                    0x08000f48   Section        0  lx_fc_ext_sensor.o(.text)
    General_Velocity_Data_Handle             0x08000f97   Thumb Code   120  lx_fc_ext_sensor.o(.text)
    .text                                    0x0800102c   Section        0  lx_fc_fun.o(.text)
    .text                                    0x080012c8   Section        0  lx_fc_state.o(.text)
    LX_Unlock_Lock_Check                     0x080012c9   Thumb Code   438  lx_fc_state.o(.text)
    .text                                    0x0800154c   Section        0  ano_uwb.o(.text)
    .text                                    0x08002c74   Section        0  drv_bsp.o(.text)
    rcSignalCheck                            0x08002fab   Thumb Code   168  drv_bsp.o(.text)
    .text                                    0x0800318c   Section        0  ano_math.o(.text)
    .text                                    0x08003a08   Section        0  drv_anoof.o(.text)
    AnoOF_DataAnl                            0x08003abd   Thumb Code   364  drv_anoof.o(.text)
    .text                                    0x08003d48   Section        0  drv_ubloxgps.o(.text)
    .text                                    0x080040f0   Section        0  stm32f4xx_it.o(.text)
    .text                                    0x0800416c   Section        0  drv_sys.o(.text)
    .text                                    0x08004274   Section        0  drv_adc.o(.text)
    initAdcDMA                               0x08004275   Thumb Code   108  drv_adc.o(.text)
    .text                                    0x08004408   Section        0  drv_led.o(.text)
    .text                                    0x08004524   Section        0  drv_pwmout.o(.text)
    .text                                    0x080048a0   Section        0  drv_rcin.o(.text)
    .text                                    0x08004a84   Section        0  drv_timer.o(.text)
    .text                                    0x08004b10   Section        0  drv_uart.o(.text)
    .text                                    0x08005560   Section       36  startup_stm32f4xx.o(.text)
    $v0                                      0x08005560   Number         0  startup_stm32f4xx.o(.text)
    .text                                    0x08005584   Section        0  system_stm32f4xx.o(.text)
    SetSysClock                              0x08005585   Thumb Code   220  system_stm32f4xx.o(.text)
    .text                                    0x08005794   Section        0  misc.o(.text)
    .text                                    0x08005954   Section        0  stm32f4xx_adc.o(.text)
    .text                                    0x08006930   Section        0  stm32f4xx_dma.o(.text)
    .text                                    0x08007c98   Section        0  stm32f4xx_exti.o(.text)
    .text                                    0x08007f6c   Section        0  stm32f4xx_gpio.o(.text)
    .text                                    0x08008834   Section        0  stm32f4xx_rcc.o(.text)
    .text                                    0x08009530   Section        0  stm32f4xx_tim.o(.text)
    TI4_Config                               0x0800b1a9   Thumb Code    80  stm32f4xx_tim.o(.text)
    TI3_Config                               0x0800b28d   Thumb Code    72  stm32f4xx_tim.o(.text)
    TI2_Config                               0x0800b34b   Thumb Code    80  stm32f4xx_tim.o(.text)
    TI1_Config                               0x0800b421   Thumb Code    58  stm32f4xx_tim.o(.text)
    .text                                    0x0800c71c   Section        0  stm32f4xx_usart.o(.text)
    .text                                    0x0800d540   Section        0  dadd.o(.text)
    .text                                    0x0800d68e   Section        0  dmul.o(.text)
    .text                                    0x0800d772   Section        0  dflti.o(.text)
    .text                                    0x0800d794   Section       48  cdcmple.o(.text)
    .text                                    0x0800d7c4   Section       48  cdrcmple.o(.text)
    .text                                    0x0800d7f4   Section        0  d2f.o(.text)
    .text                                    0x0800d82c   Section        0  llshl.o(.text)
    .text                                    0x0800d84a   Section        0  llsshr.o(.text)
    .text                                    0x0800d86e   Section        0  fepilogue.o(.text)
    .text                                    0x0800d86e   Section        0  iusefp.o(.text)
    .text                                    0x0800d8dc   Section        0  depilogue.o(.text)
    .text                                    0x0800d998   Section       36  init.o(.text)
    .text                                    0x0800d9bc   Section        0  llushr.o(.text)
    .text                                    0x0800d9dc   Section        0  __dczerorl2.o(.text)
    i.__scatterload_copy                     0x0800da32   Section       14  handlers.o(i.__scatterload_copy)
    i.__scatterload_null                     0x0800da40   Section        2  handlers.o(i.__scatterload_null)
    i.__scatterload_zeroinit                 0x0800da42   Section       14  handlers.o(i.__scatterload_zeroinit)
    .constdata                               0x0800da50   Section     1028  ano_math.o(.constdata)
    .conststring                             0x0800de54   Section       72  misc.o(.conststring)
    .conststring                             0x0800de9c   Section       81  stm32f4xx_adc.o(.conststring)
    .conststring                             0x0800def0   Section       81  stm32f4xx_dma.o(.conststring)
    .conststring                             0x0800df44   Section       82  stm32f4xx_exti.o(.conststring)
    .conststring                             0x0800df98   Section       82  stm32f4xx_gpio.o(.conststring)
    .conststring                             0x0800dfec   Section       81  stm32f4xx_rcc.o(.conststring)
    .conststring                             0x0800e040   Section       81  stm32f4xx_tim.o(.conststring)
    .conststring                             0x0800e094   Section       83  stm32f4xx_usart.o(.conststring)
    .data                                    0x20000000   Section       84  ano_scheduler.o(.data)
    sched_tasks                              0x20000000   Data          84  ano_scheduler.o(.data)
    .data                                    0x20000054   Section        4  user_task.o(.data)
    one_key_takeoff_f                        0x20000054   Data           1  user_task.o(.data)
    one_key_land_f                           0x20000055   Data           1  user_task.o(.data)
    one_key_mission_f                        0x20000056   Data           1  user_task.o(.data)
    mission_step                             0x20000057   Data           1  user_task.o(.data)
    .data                                    0x20000058   Section        6  ano_dt_lx.o(.data)
    DT_data_cnt                              0x20000058   Data           1  ano_dt_lx.o(.data)
    repeat_cnt                               0x20000059   Data           1  ano_dt_lx.o(.data)
    _data_len                                0x2000005a   Data           1  ano_dt_lx.o(.data)
    _data_cnt                                0x2000005b   Data           1  ano_dt_lx.o(.data)
    rxstate                                  0x2000005c   Data           1  ano_dt_lx.o(.data)
    time_dly                                 0x2000005d   Data           1  ano_dt_lx.o(.data)
    .data                                    0x2000005e   Section       18  ano_lx.o(.data)
    fail_safe_change_mod                     0x20000062   Data           1  ano_lx.o(.data)
    fail_safe_return_home                    0x20000063   Data           1  ano_lx.o(.data)
    mod_f                                    0x20000064   Data           3  ano_lx.o(.data)
    mod_f_time_cnt                           0x20000068   Data           2  ano_lx.o(.data)
    esc_calibrated                           0x2000006a   Data           1  ano_lx.o(.data)
    tmp_cnt                                  0x2000006c   Data           4  ano_lx.o(.data)
    .data                                    0x20000070   Section        4  lx_fc_ext_sensor.o(.data)
    of_update_cnt                            0x20000070   Data           1  lx_fc_ext_sensor.o(.data)
    of_alt_update_cnt                        0x20000071   Data           1  lx_fc_ext_sensor.o(.data)
    dT_ms                                    0x20000072   Data           1  lx_fc_ext_sensor.o(.data)
    of_alt_update_cnt                        0x20000073   Data           1  lx_fc_ext_sensor.o(.data)
    .data                                    0x20000074   Section        1  lx_fc_fun.o(.data)
    old_mode                                 0x20000074   Data           1  lx_fc_fun.o(.data)
    .data                                    0x20000076   Section        6  lx_fc_state.o(.data)
    time_dly_cnt_ms                          0x20000078   Data           2  lx_fc_state.o(.data)
    unlock_lock_flag                         0x2000007a   Data           1  lx_fc_state.o(.data)
    cali_f                                   0x2000007b   Data           1  lx_fc_state.o(.data)
    .data                                    0x2000007c   Section        9  ano_uwb.o(.data)
    UWB_data_cnt                             0x2000007e   Data           1  ano_uwb.o(.data)
    uwb_check_time                           0x20000080   Data           2  ano_uwb.o(.data)
    _data_len                                0x20000082   Data           1  ano_uwb.o(.data)
    _data_cnt                                0x20000083   Data           1  ano_uwb.o(.data)
    rxstate                                  0x20000084   Data           1  ano_uwb.o(.data)
    .data                                    0x20000088   Section       18  drv_bsp.o(.data)
    ch_sta                                   0x20000088   Data           1  drv_bsp.o(.data)
    sbus_time                                0x2000008c   Data           8  drv_bsp.o(.data)
    cnt                                      0x20000094   Data           1  drv_bsp.o(.data)
    frame_cnt                                0x20000095   Data           1  drv_bsp.o(.data)
    cnt_tmp                                  0x20000096   Data           1  drv_bsp.o(.data)
    time_dly                                 0x20000098   Data           2  drv_bsp.o(.data)
    .data                                    0x2000009a   Section        3  drv_anoof.o(.data)
    _data_len                                0x2000009a   Data           1  drv_anoof.o(.data)
    _data_cnt                                0x2000009b   Data           1  drv_anoof.o(.data)
    rxstate                                  0x2000009c   Data           1  drv_anoof.o(.data)
    .data                                    0x2000009e   Section      182  drv_ubloxgps.o(.data)
    protocol_class                           0x2000014d   Data           1  drv_ubloxgps.o(.data)
    protocol_id                              0x2000014e   Data           1  drv_ubloxgps.o(.data)
    protocol_length_t                        0x2000014f   Data           1  drv_ubloxgps.o(.data)
    protocol_length                          0x20000150   Data           2  drv_ubloxgps.o(.data)
    state                                    0x20000153   Data           1  drv_ubloxgps.o(.data)
    .data                                    0x20000158   Section        8  drv_sys.o(.data)
    SysRunTimeMs                             0x20000158   Data           8  drv_sys.o(.data)
    .data                                    0x20000160   Section       12  drv_led.o(.data)
    led_cnt                                  0x20000164   Data           8  drv_led.o(.data)
    .data                                    0x2000016c   Section        4  drv_rcin.o(.data)
    temp_cnt                                 0x2000016c   Data           4  drv_rcin.o(.data)
    .data                                    0x20000170   Section       20  drv_uart.o(.data)
    .data                                    0x20000184   Section       20  system_stm32f4xx.o(.data)
    .data                                    0x20000198   Section       16  stm32f4xx_rcc.o(.data)
    APBAHBPrescTable                         0x20000198   Data          16  stm32f4xx_rcc.o(.data)
    .bss                                     0x200001a8   Section     1872  ano_dt_lx.o(.bss)
    DT_RxBuffer                              0x200007f8   Data         256  ano_dt_lx.o(.bss)
    .bss                                     0x200008f8   Section       46  ano_lx.o(.bss)
    pwm                                      0x20000916   Data          16  ano_lx.o(.bss)
    .bss                                     0x20000926   Section       48  lx_fc_ext_sensor.o(.bss)
    .bss                                     0x20000956   Section       11  lx_fc_state.o(.bss)
    .bss                                     0x20000964   Section      408  ano_uwb.o(.bss)
    .bss                                     0x20000afc   Section      107  drv_bsp.o(.bss)
    datatmp                                  0x20000b4e   Data          25  drv_bsp.o(.bss)
    .bss                                     0x20000b68   Section      124  drv_anoof.o(.bss)
    _datatemp                                0x20000ba4   Data          50  drv_anoof.o(.bss)
    check_time_ms                            0x20000bd8   Data          12  drv_anoof.o(.bss)
    .bss                                     0x20000be4   Section      100  drv_ubloxgps.o(.bss)
    .bss                                     0x20000c48   Section      100  drv_adc.o(.bss)
    .bss                                     0x20000cac   Section     1780  drv_uart.o(.bss)
    STACK                                    0x200013a0   Section     2048  startup_stm32f4xx.o(STACK)

    Global Symbols

    Symbol Name                              Value     Ov Type        Size  Object(Section)

    BuildAttributes$$THM_ISAv4$E$P$D$K$B$S$7EM$VFPi3$EXTD16$VFPS$VFMA$PE$A:L22UL41UL21$X:L11$S22US41US21$IEEE1$IW$USESV6$~STKCKD$USESV7$~SHL$OTIME$ROPI$EBA8$MICROLIB$REQ8$PRES8$EABIv2 0x00000000   Number         0  anon$$obj.o ABSOLUTE
    __ARM_use_no_argv                        0x00000000   Number         0  main.o ABSOLUTE
    __arm_fini_                               - Undefined Weak Reference
    __cpp_initialize__aeabi_                  - Undefined Weak Reference
    __cxa_finalize                            - Undefined Weak Reference
    _clock_init                               - Undefined Weak Reference
    _microlib_exit                            - Undefined Weak Reference
    __Vectors_Size                           0x00000188   Number         0  startup_stm32f4xx.o ABSOLUTE
    __Vectors                                0x08000000   Data           4  startup_stm32f4xx.o(RESET)
    __Vectors_End                            0x08000188   Data           0  startup_stm32f4xx.o(RESET)
    __main                                   0x08000189   Thumb Code     0  entry.o(.ARM.Collect$$$$00000000)
    _main_stk                                0x08000189   Thumb Code     0  entry2.o(.ARM.Collect$$$$00000001)
    _main_scatterload                        0x0800018d   Thumb Code     0  entry5.o(.ARM.Collect$$$$00000004)
    __main_after_scatterload                 0x08000191   Thumb Code     0  entry5.o(.ARM.Collect$$$$00000004)
    _main_clock                              0x08000191   Thumb Code     0  entry7b.o(.ARM.Collect$$$$00000008)
    _main_cpp_init                           0x08000191   Thumb Code     0  entry8b.o(.ARM.Collect$$$$0000000A)
    _main_init                               0x08000191   Thumb Code     0  entry9a.o(.ARM.Collect$$$$0000000B)
    __rt_lib_shutdown_fini                   0x08000199   Thumb Code     0  entry12b.o(.ARM.Collect$$$$0000000E)
    __rt_final_cpp                           0x0800019d   Thumb Code     0  entry10a.o(.ARM.Collect$$$$0000000F)
    __rt_final_exit                          0x0800019d   Thumb Code     0  entry11a.o(.ARM.Collect$$$$00000011)
    assert_failed                            0x080001a1   Thumb Code     4  main.o(.text)
    main                                     0x080001a5   Thumb Code    16  main.o(.text)
    Scheduler_Setup                          0x080001c9   Thumb Code    76  ano_scheduler.o(.text)
    Scheduler_Run                            0x08000215   Thumb Code    76  ano_scheduler.o(.text)
    UserTask_OneKeyCmd                       0x08000265   Thumb Code   178  user_task.o(.text)
    ANO_DT_Init                              0x0800032d   Thumb Code   166  ano_dt_lx.o(.text)
    CK_Back                                  0x080003e3   Thumb Code    12  ano_dt_lx.o(.text)
    PAR_Back                                 0x080003ef   Thumb Code    14  ano_dt_lx.o(.text)
    ANO_DT_LX_Data_Receive_Prepare           0x08000593   Thumb Code   258  ano_dt_lx.o(.text)
    CMD_Send                                 0x0800098f   Thumb Code    22  ano_dt_lx.o(.text)
    ANO_LX_Data_Exchange_Task                0x080009a5   Thumb Code    68  ano_dt_lx.o(.text)
    ANO_LX_Task                              0x08000ead   Thumb Code   144  ano_lx.o(.text)
    LX_FC_EXT_Sensor_Task                    0x08000f49   Thumb Code    78  lx_fc_ext_sensor.o(.text)
    FC_Unlock                                0x0800102d   Thumb Code    56  lx_fc_fun.o(.text)
    FC_Lock                                  0x08001065   Thumb Code    56  lx_fc_fun.o(.text)
    LX_Change_Mode                           0x0800109d   Thumb Code    80  lx_fc_fun.o(.text)
    OneKey_Return_Home                       0x080010ed   Thumb Code    50  lx_fc_fun.o(.text)
    OneKey_Takeoff                           0x0800111f   Thumb Code    66  lx_fc_fun.o(.text)
    OneKey_Land                              0x08001161   Thumb Code    50  lx_fc_fun.o(.text)
    Horizontal_Move                          0x08001193   Thumb Code    98  lx_fc_fun.o(.text)
    Horizontal_Calibrate                     0x080011f5   Thumb Code    50  lx_fc_fun.o(.text)
    Mag_Calibrate                            0x08001227   Thumb Code    50  lx_fc_fun.o(.text)
    ACC_Calibrate                            0x08001259   Thumb Code    50  lx_fc_fun.o(.text)
    GYR_Calibrate                            0x0800128b   Thumb Code    50  lx_fc_fun.o(.text)
    LX_Cali_Trig_Check                       0x0800147f   Thumb Code   150  lx_fc_state.o(.text)
    LX_FC_State_Task                         0x08001515   Thumb Code    26  lx_fc_state.o(.text)
    UWB_Location_Calculate                   0x0800154d   Thumb Code  5006  ano_uwb.o(.text)
    Ano_UWB_Get_Data_Task                    0x080028db   Thumb Code   498  ano_uwb.o(.text)
    Ano_UWB_Get_Byte                         0x08002acd   Thumb Code   262  ano_uwb.o(.text)
    Anthor_location_init                     0x08002bd3   Thumb Code   118  ano_uwb.o(.text)
    DrvRcInputInit                           0x08002c75   Thumb Code    16  drv_bsp.o(.text)
    All_Init                                 0x08002c85   Thumb Code   154  drv_bsp.o(.text)
    DrvPpmGetOneCh                           0x08002d1f   Thumb Code    92  drv_bsp.o(.text)
    DrvSbusGetOneByte                        0x08002d7b   Thumb Code   560  drv_bsp.o(.text)
    DrvRcInputTask                           0x08003053   Thumb Code   300  drv_bsp.o(.text)
    my_abs                                   0x0800318d   Thumb Code    26  ano_math.o(.text)
    fast_atan2                               0x080031a7   Thumb Code   350  ano_math.o(.text)
    my_atan                                  0x08003305   Thumb Code    24  ano_math.o(.text)
    my_sqrt_reciprocal                       0x0800331d   Thumb Code    76  ano_math.o(.text)
    my_sqrt                                  0x08003369   Thumb Code    20  ano_math.o(.text)
    mx_sin                                   0x0800337d   Thumb Code   292  ano_math.o(.text)
    my_sin                                   0x080034a1   Thumb Code   108  ano_math.o(.text)
    my_cos                                   0x0800350d   Thumb Code   136  ano_math.o(.text)
    my_deadzone                              0x08003595   Thumb Code   152  ano_math.o(.text)
    my_deadzone_2                            0x0800362d   Thumb Code    48  ano_math.o(.text)
    my_HPF                                   0x0800365d   Thumb Code   346  ano_math.o(.text)
    To_180_degrees_db                        0x080037b7   Thumb Code   108  ano_math.o(.text)
    length_limit                             0x08003823   Thumb Code   140  ano_math.o(.text)
    fifo                                     0x080038af   Thumb Code    42  ano_math.o(.text)
    rot_vec_2                                0x080038d9   Thumb Code    84  ano_math.o(.text)
    vec_2_cross_product                      0x0800392d   Thumb Code    26  ano_math.o(.text)
    vec_2_dot_product                        0x08003947   Thumb Code    26  ano_math.o(.text)
    vec_3_cross_product_err_sinx             0x08003961   Thumb Code    86  ano_math.o(.text)
    vec_3_dot_product                        0x080039b7   Thumb Code    38  ano_math.o(.text)
    AnoOF_Check_State                        0x08003a09   Thumb Code   180  drv_anoof.o(.text)
    AnoOF_GetOneByte                         0x08003c29   Thumb Code   252  drv_anoof.o(.text)
    GPS_Data_Prepare_Task                    0x08003d49   Thumb Code   306  drv_ubloxgps.o(.text)
    GPS_Rate_H                               0x08003e7b   Thumb Code    12  drv_ubloxgps.o(.text)
    GPS_Rate_L                               0x08003e87   Thumb Code    12  drv_ubloxgps.o(.text)
    Init_GPS                                 0x08003e93   Thumb Code   196  drv_ubloxgps.o(.text)
    UBLOX_M8_GPS_Data_Receive                0x08003f57   Thumb Code   328  drv_ubloxgps.o(.text)
    NMI_Handler                              0x080040f1   Thumb Code     2  stm32f4xx_it.o(.text)
    MemManage_Handler                        0x080040f3   Thumb Code     4  stm32f4xx_it.o(.text)
    BusFault_Handler                         0x080040f7   Thumb Code     4  stm32f4xx_it.o(.text)
    UsageFault_Handler                       0x080040fb   Thumb Code     4  stm32f4xx_it.o(.text)
    SVC_Handler                              0x080040ff   Thumb Code     2  stm32f4xx_it.o(.text)
    DebugMon_Handler                         0x08004101   Thumb Code     2  stm32f4xx_it.o(.text)
    EXTI9_5_IRQHandler                       0x08004103   Thumb Code    18  stm32f4xx_it.o(.text)
    TIM3_IRQHandler                          0x08004115   Thumb Code     8  stm32f4xx_it.o(.text)
    TIM4_IRQHandler                          0x0800411d   Thumb Code     2  stm32f4xx_it.o(.text)
    TIM7_IRQHandler                          0x0800411f   Thumb Code    26  stm32f4xx_it.o(.text)
    USART1_IRQHandler                        0x08004139   Thumb Code     8  stm32f4xx_it.o(.text)
    USART2_IRQHandler                        0x08004141   Thumb Code     8  stm32f4xx_it.o(.text)
    USART3_IRQHandler                        0x08004149   Thumb Code     8  stm32f4xx_it.o(.text)
    UART4_IRQHandler                         0x08004151   Thumb Code     8  stm32f4xx_it.o(.text)
    UART5_IRQHandler                         0x08004159   Thumb Code     8  stm32f4xx_it.o(.text)
    USART6_IRQHandler                        0x08004161   Thumb Code     8  stm32f4xx_it.o(.text)
    SysTick_Init                             0x0800416d   Thumb Code   100  drv_sys.o(.text)
    SysTick_Handler                          0x080041d1   Thumb Code    20  drv_sys.o(.text)
    GetSysRunTimeMs                          0x080041e5   Thumb Code     6  drv_sys.o(.text)
    GetSysRunTimeUs                          0x080041eb   Thumb Code    62  drv_sys.o(.text)
    MyDelayUs                                0x08004229   Thumb Code    24  drv_sys.o(.text)
    MyDelayMs                                0x08004241   Thumb Code    24  drv_sys.o(.text)
    DrvSysInit                               0x08004259   Thumb Code    16  drv_sys.o(.text)
    DrvAdcInit                               0x080042e1   Thumb Code   168  drv_adc.o(.text)
    Drv_AdcGetBatVot                         0x08004389   Thumb Code    92  drv_adc.o(.text)
    DvrLedInit                               0x08004409   Thumb Code   112  drv_led.o(.text)
    LED_On_Off                               0x08004479   Thumb Code    82  drv_led.o(.text)
    LED_1ms_DRV                              0x080044cb   Thumb Code    78  drv_led.o(.text)
    DrvPwmOutInit                            0x08004525   Thumb Code   742  drv_pwmout.o(.text)
    DrvMotorPWMSet                           0x0800480b   Thumb Code   112  drv_pwmout.o(.text)
    DrvRcPpmInit                             0x080048a1   Thumb Code   176  drv_rcin.o(.text)
    PPM_IRQH                                 0x08004951   Thumb Code    82  drv_rcin.o(.text)
    DrvRcSbusInit                            0x080049a3   Thumb Code   166  drv_rcin.o(.text)
    Sbus_IRQH                                0x08004a49   Thumb Code    40  drv_rcin.o(.text)
    TIM_CONF                                 0x08004a85   Thumb Code    80  drv_timer.o(.text)
    TIM_NVIC                                 0x08004ad5   Thumb Code    32  drv_timer.o(.text)
    DrvTimerFcInit                           0x08004af5   Thumb Code    24  drv_timer.o(.text)
    NoUse                                    0x08004b11   Thumb Code     2  drv_uart.o(.text)
    DrvUart1Init                             0x08004b13   Thumb Code   246  drv_uart.o(.text)
    DrvUart1SendBuf                          0x08004c09   Thumb Code    60  drv_uart.o(.text)
    drvU1GetByte                             0x08004c45   Thumb Code    32  drv_uart.o(.text)
    drvU1DataCheck                           0x08004c65   Thumb Code    52  drv_uart.o(.text)
    Usart1_IRQ                               0x08004c99   Thumb Code   110  drv_uart.o(.text)
    DrvUart2Init                             0x08004d07   Thumb Code   234  drv_uart.o(.text)
    DrvUart2SendBuf                          0x08004df1   Thumb Code    62  drv_uart.o(.text)
    drvU2GetByte                             0x08004e2f   Thumb Code    32  drv_uart.o(.text)
    drvU2DataCheck                           0x08004e4f   Thumb Code    52  drv_uart.o(.text)
    Usart2_IRQ                               0x08004e83   Thumb Code   120  drv_uart.o(.text)
    DrvUart3Init                             0x08004efb   Thumb Code   312  drv_uart.o(.text)
    DrvUart3SendBuf                          0x08005033   Thumb Code    62  drv_uart.o(.text)
    drvU3GetByte                             0x08005071   Thumb Code    32  drv_uart.o(.text)
    drvU3DataCheck                           0x08005091   Thumb Code    52  drv_uart.o(.text)
    Usart3_IRQ                               0x080050c5   Thumb Code   120  drv_uart.o(.text)
    DrvUart4Init                             0x0800513d   Thumb Code   200  drv_uart.o(.text)
    DrvUart4SendBuf                          0x08005205   Thumb Code    62  drv_uart.o(.text)
    drvU4GetByte                             0x08005243   Thumb Code    32  drv_uart.o(.text)
    drvU4DataCheck                           0x08005263   Thumb Code    52  drv_uart.o(.text)
    Uart4_IRQ                                0x08005297   Thumb Code   120  drv_uart.o(.text)
    DrvUart5Init                             0x0800530f   Thumb Code   288  drv_uart.o(.text)
    DrvUart5SendBuf                          0x0800542f   Thumb Code    60  drv_uart.o(.text)
    drvU5GetByte                             0x0800546b   Thumb Code    32  drv_uart.o(.text)
    drvU5DataCheck                           0x0800548b   Thumb Code    52  drv_uart.o(.text)
    Uart5_IRQ                                0x080054bf   Thumb Code   110  drv_uart.o(.text)
    DrvUartDataCheck                         0x0800552d   Thumb Code    24  drv_uart.o(.text)
    Reset_Handler                            0x08005561   Thumb Code     8  startup_stm32f4xx.o(.text)
    HardFault_Handler                        0x0800556b   Thumb Code     2  startup_stm32f4xx.o(.text)
    PendSV_Handler                           0x08005577   Thumb Code     2  startup_stm32f4xx.o(.text)
    ADC_IRQHandler                           0x0800557b   Thumb Code     0  startup_stm32f4xx.o(.text)
    CAN1_RX0_IRQHandler                      0x0800557b   Thumb Code     0  startup_stm32f4xx.o(.text)
    CAN1_RX1_IRQHandler                      0x0800557b   Thumb Code     0  startup_stm32f4xx.o(.text)
    CAN1_SCE_IRQHandler                      0x0800557b   Thumb Code     0  startup_stm32f4xx.o(.text)
    CAN1_TX_IRQHandler                       0x0800557b   Thumb Code     0  startup_stm32f4xx.o(.text)
    CAN2_RX0_IRQHandler                      0x0800557b   Thumb Code     0  startup_stm32f4xx.o(.text)
    CAN2_RX1_IRQHandler                      0x0800557b   Thumb Code     0  startup_stm32f4xx.o(.text)
    CAN2_SCE_IRQHandler                      0x0800557b   Thumb Code     0  startup_stm32f4xx.o(.text)
    CAN2_TX_IRQHandler                       0x0800557b   Thumb Code     0  startup_stm32f4xx.o(.text)
    CRYP_IRQHandler                          0x0800557b   Thumb Code     0  startup_stm32f4xx.o(.text)
    DCMI_IRQHandler                          0x0800557b   Thumb Code     0  startup_stm32f4xx.o(.text)
    DMA1_Stream0_IRQHandler                  0x0800557b   Thumb Code     0  startup_stm32f4xx.o(.text)
    DMA1_Stream1_IRQHandler                  0x0800557b   Thumb Code     0  startup_stm32f4xx.o(.text)
    DMA1_Stream2_IRQHandler                  0x0800557b   Thumb Code     0  startup_stm32f4xx.o(.text)
    DMA1_Stream3_IRQHandler                  0x0800557b   Thumb Code     0  startup_stm32f4xx.o(.text)
    DMA1_Stream4_IRQHandler                  0x0800557b   Thumb Code     0  startup_stm32f4xx.o(.text)
    DMA1_Stream5_IRQHandler                  0x0800557b   Thumb Code     0  startup_stm32f4xx.o(.text)
    DMA1_Stream6_IRQHandler                  0x0800557b   Thumb Code     0  startup_stm32f4xx.o(.text)
    DMA1_Stream7_IRQHandler                  0x0800557b   Thumb Code     0  startup_stm32f4xx.o(.text)
    DMA2_Stream0_IRQHandler                  0x0800557b   Thumb Code     0  startup_stm32f4xx.o(.text)
    DMA2_Stream1_IRQHandler                  0x0800557b   Thumb Code     0  startup_stm32f4xx.o(.text)
    DMA2_Stream2_IRQHandler                  0x0800557b   Thumb Code     0  startup_stm32f4xx.o(.text)
    DMA2_Stream3_IRQHandler                  0x0800557b   Thumb Code     0  startup_stm32f4xx.o(.text)
    DMA2_Stream4_IRQHandler                  0x0800557b   Thumb Code     0  startup_stm32f4xx.o(.text)
    DMA2_Stream5_IRQHandler                  0x0800557b   Thumb Code     0  startup_stm32f4xx.o(.text)
    DMA2_Stream6_IRQHandler                  0x0800557b   Thumb Code     0  startup_stm32f4xx.o(.text)
    DMA2_Stream7_IRQHandler                  0x0800557b   Thumb Code     0  startup_stm32f4xx.o(.text)
    ETH_IRQHandler                           0x0800557b   Thumb Code     0  startup_stm32f4xx.o(.text)
    ETH_WKUP_IRQHandler                      0x0800557b   Thumb Code     0  startup_stm32f4xx.o(.text)
    EXTI0_IRQHandler                         0x0800557b   Thumb Code     0  startup_stm32f4xx.o(.text)
    EXTI15_10_IRQHandler                     0x0800557b   Thumb Code     0  startup_stm32f4xx.o(.text)
    EXTI1_IRQHandler                         0x0800557b   Thumb Code     0  startup_stm32f4xx.o(.text)
    EXTI2_IRQHandler                         0x0800557b   Thumb Code     0  startup_stm32f4xx.o(.text)
    EXTI3_IRQHandler                         0x0800557b   Thumb Code     0  startup_stm32f4xx.o(.text)
    EXTI4_IRQHandler                         0x0800557b   Thumb Code     0  startup_stm32f4xx.o(.text)
    FLASH_IRQHandler                         0x0800557b   Thumb Code     0  startup_stm32f4xx.o(.text)
    FPU_IRQHandler                           0x0800557b   Thumb Code     0  startup_stm32f4xx.o(.text)
    FSMC_IRQHandler                          0x0800557b   Thumb Code     0  startup_stm32f4xx.o(.text)
    HASH_RNG_IRQHandler                      0x0800557b   Thumb Code     0  startup_stm32f4xx.o(.text)
    I2C1_ER_IRQHandler                       0x0800557b   Thumb Code     0  startup_stm32f4xx.o(.text)
    I2C1_EV_IRQHandler                       0x0800557b   Thumb Code     0  startup_stm32f4xx.o(.text)
    I2C2_ER_IRQHandler                       0x0800557b   Thumb Code     0  startup_stm32f4xx.o(.text)
    I2C2_EV_IRQHandler                       0x0800557b   Thumb Code     0  startup_stm32f4xx.o(.text)
    I2C3_ER_IRQHandler                       0x0800557b   Thumb Code     0  startup_stm32f4xx.o(.text)
    I2C3_EV_IRQHandler                       0x0800557b   Thumb Code     0  startup_stm32f4xx.o(.text)
    OTG_FS_IRQHandler                        0x0800557b   Thumb Code     0  startup_stm32f4xx.o(.text)
    OTG_FS_WKUP_IRQHandler                   0x0800557b   Thumb Code     0  startup_stm32f4xx.o(.text)
    OTG_HS_EP1_IN_IRQHandler                 0x0800557b   Thumb Code     0  startup_stm32f4xx.o(.text)
    OTG_HS_EP1_OUT_IRQHandler                0x0800557b   Thumb Code     0  startup_stm32f4xx.o(.text)
    OTG_HS_IRQHandler                        0x0800557b   Thumb Code     0  startup_stm32f4xx.o(.text)
    OTG_HS_WKUP_IRQHandler                   0x0800557b   Thumb Code     0  startup_stm32f4xx.o(.text)
    PVD_IRQHandler                           0x0800557b   Thumb Code     0  startup_stm32f4xx.o(.text)
    RCC_IRQHandler                           0x0800557b   Thumb Code     0  startup_stm32f4xx.o(.text)
    RTC_Alarm_IRQHandler                     0x0800557b   Thumb Code     0  startup_stm32f4xx.o(.text)
    RTC_WKUP_IRQHandler                      0x0800557b   Thumb Code     0  startup_stm32f4xx.o(.text)
    SDIO_IRQHandler                          0x0800557b   Thumb Code     0  startup_stm32f4xx.o(.text)
    SPI1_IRQHandler                          0x0800557b   Thumb Code     0  startup_stm32f4xx.o(.text)
    SPI2_IRQHandler                          0x0800557b   Thumb Code     0  startup_stm32f4xx.o(.text)
    SPI3_IRQHandler                          0x0800557b   Thumb Code     0  startup_stm32f4xx.o(.text)
    TAMP_STAMP_IRQHandler                    0x0800557b   Thumb Code     0  startup_stm32f4xx.o(.text)
    TIM1_BRK_TIM9_IRQHandler                 0x0800557b   Thumb Code     0  startup_stm32f4xx.o(.text)
    TIM1_CC_IRQHandler                       0x0800557b   Thumb Code     0  startup_stm32f4xx.o(.text)
    TIM1_TRG_COM_TIM11_IRQHandler            0x0800557b   Thumb Code     0  startup_stm32f4xx.o(.text)
    TIM1_UP_TIM10_IRQHandler                 0x0800557b   Thumb Code     0  startup_stm32f4xx.o(.text)
    TIM2_IRQHandler                          0x0800557b   Thumb Code     0  startup_stm32f4xx.o(.text)
    TIM5_IRQHandler                          0x0800557b   Thumb Code     0  startup_stm32f4xx.o(.text)
    TIM6_DAC_IRQHandler                      0x0800557b   Thumb Code     0  startup_stm32f4xx.o(.text)
    TIM8_BRK_TIM12_IRQHandler                0x0800557b   Thumb Code     0  startup_stm32f4xx.o(.text)
    TIM8_CC_IRQHandler                       0x0800557b   Thumb Code     0  startup_stm32f4xx.o(.text)
    TIM8_TRG_COM_TIM14_IRQHandler            0x0800557b   Thumb Code     0  startup_stm32f4xx.o(.text)
    TIM8_UP_TIM13_IRQHandler                 0x0800557b   Thumb Code     0  startup_stm32f4xx.o(.text)
    WWDG_IRQHandler                          0x0800557b   Thumb Code     0  startup_stm32f4xx.o(.text)
    SystemInit                               0x08005661   Thumb Code    88  system_stm32f4xx.o(.text)
    SystemCoreClockUpdate                    0x080056b9   Thumb Code   174  system_stm32f4xx.o(.text)
    NVIC_PriorityGroupConfig                 0x08005795   Thumb Code    54  misc.o(.text)
    NVIC_Init                                0x080057cb   Thumb Code   164  misc.o(.text)
    NVIC_SetVectorTable                      0x0800586f   Thumb Code    60  misc.o(.text)
    NVIC_SystemLPConfig                      0x080058ab   Thumb Code    78  misc.o(.text)
    SysTick_CLKSourceConfig                  0x080058f9   Thumb Code    62  misc.o(.text)
    ADC_DeInit                               0x08005955   Thumb Code    22  stm32f4xx_adc.o(.text)
    ADC_Init                                 0x0800596b   Thumb Code   402  stm32f4xx_adc.o(.text)
    ADC_StructInit                           0x08005afd   Thumb Code    20  stm32f4xx_adc.o(.text)
    ADC_CommonInit                           0x08005b11   Thumb Code   342  stm32f4xx_adc.o(.text)
    ADC_CommonStructInit                     0x08005c67   Thumb Code    12  stm32f4xx_adc.o(.text)
    ADC_Cmd                                  0x08005c73   Thumb Code    76  stm32f4xx_adc.o(.text)
    ADC_AnalogWatchdogCmd                    0x08005cbf   Thumb Code   102  stm32f4xx_adc.o(.text)
    ADC_AnalogWatchdogThresholdsConfig       0x08005d25   Thumb Code   126  stm32f4xx_adc.o(.text)
    ADC_AnalogWatchdogSingleChannelConfig    0x08005da3   Thumb Code   136  stm32f4xx_adc.o(.text)
    ADC_TempSensorVrefintCmd                 0x08005e2b   Thumb Code    56  stm32f4xx_adc.o(.text)
    ADC_VBATCmd                              0x08005e63   Thumb Code    56  stm32f4xx_adc.o(.text)
    ADC_RegularChannelConfig                 0x08005e9b   Thumb Code   408  stm32f4xx_adc.o(.text)
    ADC_SoftwareStartConv                    0x08006033   Thumb Code    44  stm32f4xx_adc.o(.text)
    ADC_GetSoftwareStartConvStatus           0x0800605f   Thumb Code    54  stm32f4xx_adc.o(.text)
    ADC_EOCOnEachRegularChannelCmd           0x08006095   Thumb Code    76  stm32f4xx_adc.o(.text)
    ADC_ContinuousModeCmd                    0x080060e1   Thumb Code    76  stm32f4xx_adc.o(.text)
    ADC_DiscModeChannelCountConfig           0x0800612d   Thumb Code   100  stm32f4xx_adc.o(.text)
    ADC_DiscModeCmd                          0x08006191   Thumb Code    76  stm32f4xx_adc.o(.text)
    ADC_GetConversionValue                   0x080061dd   Thumb Code    40  stm32f4xx_adc.o(.text)
    ADC_GetMultiModeConversionValue          0x08006205   Thumb Code     6  stm32f4xx_adc.o(.text)
    ADC_DMACmd                               0x0800620b   Thumb Code    76  stm32f4xx_adc.o(.text)
    ADC_DMARequestAfterLastTransferCmd       0x08006257   Thumb Code    76  stm32f4xx_adc.o(.text)
    ADC_MultiModeDMARequestAfterLastTransferCmd 0x080062a3   Thumb Code    60  stm32f4xx_adc.o(.text)
    ADC_InjectedChannelConfig                0x080062df   Thumb Code   332  stm32f4xx_adc.o(.text)
    ADC_InjectedSequencerLengthConfig        0x0800642b   Thumb Code    80  stm32f4xx_adc.o(.text)
    ADC_SetInjectedOffset                    0x0800647b   Thumb Code   102  stm32f4xx_adc.o(.text)
    ADC_ExternalTrigInjectedConvConfig       0x080064e1   Thumb Code   176  stm32f4xx_adc.o(.text)
    ADC_ExternalTrigInjectedConvEdgeConfig   0x08006591   Thumb Code    82  stm32f4xx_adc.o(.text)
    ADC_SoftwareStartInjectedConv            0x080065e3   Thumb Code    44  stm32f4xx_adc.o(.text)
    ADC_GetSoftwareStartInjectedConvCmdStatus 0x0800660f   Thumb Code    54  stm32f4xx_adc.o(.text)
    ADC_AutoInjectedConvCmd                  0x08006645   Thumb Code    76  stm32f4xx_adc.o(.text)
    ADC_InjectedDiscModeCmd                  0x08006691   Thumb Code    76  stm32f4xx_adc.o(.text)
    ADC_GetInjectedConversionValue           0x080066dd   Thumb Code    88  stm32f4xx_adc.o(.text)
    ADC_ITConfig                             0x08006735   Thumb Code   130  stm32f4xx_adc.o(.text)
    ADC_GetFlagStatus                        0x080067b7   Thumb Code    90  stm32f4xx_adc.o(.text)
    ADC_ClearFlag                            0x08006811   Thumb Code    62  stm32f4xx_adc.o(.text)
    ADC_GetITStatus                          0x0800684f   Thumb Code   122  stm32f4xx_adc.o(.text)
    ADC_ClearITPendingBit                    0x080068c9   Thumb Code    88  stm32f4xx_adc.o(.text)
    DMA_DeInit                               0x08006931   Thumb Code   462  stm32f4xx_dma.o(.text)
    DMA_Init                                 0x08006aff   Thumb Code   684  stm32f4xx_dma.o(.text)
    DMA_StructInit                           0x08006dab   Thumb Code    34  stm32f4xx_dma.o(.text)
    DMA_Cmd                                  0x08006dcd   Thumb Code   182  stm32f4xx_dma.o(.text)
    DMA_PeriphIncOffsetSizeConfig            0x08006e83   Thumb Code   184  stm32f4xx_dma.o(.text)
    DMA_FlowControllerConfig                 0x08006f3b   Thumb Code   182  stm32f4xx_dma.o(.text)
    DMA_SetCurrDataCounter                   0x08006ff1   Thumb Code   146  stm32f4xx_dma.o(.text)
    DMA_GetCurrDataCounter                   0x08007083   Thumb Code   146  stm32f4xx_dma.o(.text)
    DMA_DoubleBufferModeConfig               0x08007115   Thumb Code   204  stm32f4xx_dma.o(.text)
    DMA_DoubleBufferModeCmd                  0x080071e1   Thumb Code   182  stm32f4xx_dma.o(.text)
    DMA_MemoryTargetConfig                   0x08007297   Thumb Code   174  stm32f4xx_dma.o(.text)
    DMA_GetCurrentMemoryTarget               0x08007345   Thumb Code   160  stm32f4xx_dma.o(.text)
    DMA_GetCmdStatus                         0x080073e5   Thumb Code   160  stm32f4xx_dma.o(.text)
    DMA_GetFIFOStatus                        0x08007485   Thumb Code   152  stm32f4xx_dma.o(.text)
    DMA_GetFlagStatus                        0x0800751d   Thumb Code   486  stm32f4xx_dma.o(.text)
    DMA_ClearFlag                            0x08007703   Thumb Code   216  stm32f4xx_dma.o(.text)
    DMA_ITConfig                             0x080077db   Thumb Code   238  stm32f4xx_dma.o(.text)
    DMA_GetITStatus                          0x080078c9   Thumb Code   590  stm32f4xx_dma.o(.text)
    DMA_ClearITPendingBit                    0x08007b17   Thumb Code   216  stm32f4xx_dma.o(.text)
    EXTI_DeInit                              0x08007c99   Thumb Code    28  stm32f4xx_exti.o(.text)
    EXTI_Init                                0x08007cb5   Thumb Code   236  stm32f4xx_exti.o(.text)
    EXTI_StructInit                          0x08007da1   Thumb Code    16  stm32f4xx_exti.o(.text)
    EXTI_GenerateSWInterrupt                 0x08007db1   Thumb Code    38  stm32f4xx_exti.o(.text)
    EXTI_GetFlagStatus                       0x08007dd7   Thumb Code   158  stm32f4xx_exti.o(.text)
    EXTI_ClearFlag                           0x08007e75   Thumb Code    30  stm32f4xx_exti.o(.text)
    EXTI_GetITStatus                         0x08007e93   Thumb Code   172  stm32f4xx_exti.o(.text)
    EXTI_ClearITPendingBit                   0x08007f3f   Thumb Code    32  stm32f4xx_exti.o(.text)
    GPIO_DeInit                              0x08007f6d   Thumb Code   284  stm32f4xx_gpio.o(.text)
    GPIO_Init                                0x08008089   Thumb Code   342  stm32f4xx_gpio.o(.text)
    GPIO_StructInit                          0x080081df   Thumb Code    18  stm32f4xx_gpio.o(.text)
    GPIO_PinLockConfig                       0x080081f1   Thumb Code   122  stm32f4xx_gpio.o(.text)
    GPIO_ReadInputDataBit                    0x0800826b   Thumb Code   182  stm32f4xx_gpio.o(.text)
    GPIO_ReadInputData                       0x08008321   Thumb Code   116  stm32f4xx_gpio.o(.text)
    GPIO_ReadOutputDataBit                   0x08008395   Thumb Code   182  stm32f4xx_gpio.o(.text)
    GPIO_ReadOutputData                      0x0800844b   Thumb Code    76  stm32f4xx_gpio.o(.text)
    GPIO_SetBits                             0x08008497   Thumb Code    94  stm32f4xx_gpio.o(.text)
    GPIO_ResetBits                           0x080084f5   Thumb Code    94  stm32f4xx_gpio.o(.text)
    GPIO_WriteBit                            0x08008553   Thumb Code   194  stm32f4xx_gpio.o(.text)
    GPIO_Write                               0x08008615   Thumb Code    76  stm32f4xx_gpio.o(.text)
    GPIO_ToggleBits                          0x08008661   Thumb Code    80  stm32f4xx_gpio.o(.text)
    GPIO_PinAFConfig                         0x080086b1   Thumb Code   382  stm32f4xx_gpio.o(.text)
    RCC_DeInit                               0x08008835   Thumb Code    60  stm32f4xx_rcc.o(.text)
    RCC_HSEConfig                            0x08008871   Thumb Code    38  stm32f4xx_rcc.o(.text)
    RCC_GetFlagStatus                        0x08008897   Thumb Code   130  stm32f4xx_rcc.o(.text)
    RCC_WaitForHSEStartUp                    0x08008919   Thumb Code    56  stm32f4xx_rcc.o(.text)
    RCC_AdjustHSICalibrationValue            0x08008951   Thumb Code    38  stm32f4xx_rcc.o(.text)
    RCC_HSICmd                               0x08008977   Thumb Code    28  stm32f4xx_rcc.o(.text)
    RCC_LSEConfig                            0x08008993   Thumb Code    72  stm32f4xx_rcc.o(.text)
    RCC_LSICmd                               0x080089db   Thumb Code    28  stm32f4xx_rcc.o(.text)
    RCC_PLLConfig                            0x080089f7   Thumb Code   156  stm32f4xx_rcc.o(.text)
    RCC_PLLCmd                               0x08008a93   Thumb Code    28  stm32f4xx_rcc.o(.text)
    RCC_PLLI2SConfig                         0x08008aaf   Thumb Code    62  stm32f4xx_rcc.o(.text)
    RCC_PLLI2SCmd                            0x08008aed   Thumb Code    28  stm32f4xx_rcc.o(.text)
    RCC_ClockSecuritySystemCmd               0x08008b09   Thumb Code    28  stm32f4xx_rcc.o(.text)
    RCC_MCO1Config                           0x08008b25   Thumb Code   102  stm32f4xx_rcc.o(.text)
    RCC_MCO2Config                           0x08008b8b   Thumb Code   102  stm32f4xx_rcc.o(.text)
    RCC_SYSCLKConfig                         0x08008bf1   Thumb Code    68  stm32f4xx_rcc.o(.text)
    RCC_GetSYSCLKSource                      0x08008c35   Thumb Code    10  stm32f4xx_rcc.o(.text)
    RCC_HCLKConfig                           0x08008c3f   Thumb Code    66  stm32f4xx_rcc.o(.text)
    RCC_PCLK1Config                          0x08008c81   Thumb Code    58  stm32f4xx_rcc.o(.text)
    RCC_PCLK2Config                          0x08008cbb   Thumb Code    60  stm32f4xx_rcc.o(.text)
    RCC_GetClocksFreq                        0x08008cf7   Thumb Code   214  stm32f4xx_rcc.o(.text)
    RCC_RTCCLKConfig                         0x08008dcd   Thumb Code   260  stm32f4xx_rcc.o(.text)
    RCC_RTCCLKCmd                            0x08008ed1   Thumb Code    28  stm32f4xx_rcc.o(.text)
    RCC_BackupResetCmd                       0x08008eed   Thumb Code    30  stm32f4xx_rcc.o(.text)
    RCC_I2SCLKConfig                         0x08008f0b   Thumb Code    28  stm32f4xx_rcc.o(.text)
    RCC_AHB1PeriphClockCmd                   0x08008f27   Thumb Code    78  stm32f4xx_rcc.o(.text)
    RCC_AHB2PeriphClockCmd                   0x08008f75   Thumb Code    78  stm32f4xx_rcc.o(.text)
    RCC_AHB3PeriphClockCmd                   0x08008fc3   Thumb Code   234  stm32f4xx_rcc.o(.text)
    RCC_APB1PeriphClockCmd                   0x080090ad   Thumb Code    70  stm32f4xx_rcc.o(.text)
    RCC_APB2PeriphClockCmd                   0x080090f3   Thumb Code    78  stm32f4xx_rcc.o(.text)
    RCC_AHB1PeriphResetCmd                   0x08009141   Thumb Code    78  stm32f4xx_rcc.o(.text)
    RCC_AHB2PeriphResetCmd                   0x0800918f   Thumb Code    78  stm32f4xx_rcc.o(.text)
    RCC_AHB3PeriphResetCmd                   0x080091dd   Thumb Code    78  stm32f4xx_rcc.o(.text)
    RCC_APB1PeriphResetCmd                   0x0800922b   Thumb Code    78  stm32f4xx_rcc.o(.text)
    RCC_APB2PeriphResetCmd                   0x08009279   Thumb Code    78  stm32f4xx_rcc.o(.text)
    RCC_AHB1PeriphClockLPModeCmd             0x080092c7   Thumb Code    78  stm32f4xx_rcc.o(.text)
    RCC_AHB2PeriphClockLPModeCmd             0x08009315   Thumb Code    78  stm32f4xx_rcc.o(.text)
    RCC_AHB3PeriphClockLPModeCmd             0x08009363   Thumb Code    78  stm32f4xx_rcc.o(.text)
    RCC_APB1PeriphClockLPModeCmd             0x080093b1   Thumb Code    78  stm32f4xx_rcc.o(.text)
    RCC_APB2PeriphClockLPModeCmd             0x080093ff   Thumb Code    78  stm32f4xx_rcc.o(.text)
    RCC_ITConfig                             0x0800944d   Thumb Code   108  stm32f4xx_rcc.o(.text)
    RCC_ClearFlag                            0x080094b9   Thumb Code    14  stm32f4xx_rcc.o(.text)
    RCC_GetITStatus                          0x080094c7   Thumb Code    66  stm32f4xx_rcc.o(.text)
    RCC_ClearITPendingBit                    0x08009509   Thumb Code    32  stm32f4xx_rcc.o(.text)
    TIM_DeInit                               0x08009531   Thumb Code   440  stm32f4xx_tim.o(.text)
    TIM_TimeBaseInit                         0x080096e9   Thumb Code   278  stm32f4xx_tim.o(.text)
    TIM_TimeBaseStructInit                   0x080097ff   Thumb Code    18  stm32f4xx_tim.o(.text)
    TIM_PrescalerConfig                      0x08009811   Thumb Code   128  stm32f4xx_tim.o(.text)
    TIM_CounterModeConfig                    0x08009891   Thumb Code   100  stm32f4xx_tim.o(.text)
    TIM_SetCounter                           0x080098f5   Thumb Code   164  stm32f4xx_tim.o(.text)
    TIM_SetAutoreload                        0x08009999   Thumb Code   106  stm32f4xx_tim.o(.text)
    TIM_GetCounter                           0x08009a03   Thumb Code   104  stm32f4xx_tim.o(.text)
    TIM_GetPrescaler                         0x08009a6b   Thumb Code   104  stm32f4xx_tim.o(.text)
    TIM_UpdateDisableConfig                  0x08009ad3   Thumb Code   144  stm32f4xx_tim.o(.text)
    TIM_UpdateRequestConfig                  0x08009b63   Thumb Code   144  stm32f4xx_tim.o(.text)
    TIM_ARRPreloadConfig                     0x08009bf3   Thumb Code   144  stm32f4xx_tim.o(.text)
    TIM_SelectOnePulseMode                   0x08009c83   Thumb Code   138  stm32f4xx_tim.o(.text)
    TIM_SetClockDivision                     0x08009d0d   Thumb Code   190  stm32f4xx_tim.o(.text)
    TIM_Cmd                                  0x08009dcb   Thumb Code   144  stm32f4xx_tim.o(.text)
    TIM_OC1Init                              0x08009e5b   Thumb Code   400  stm32f4xx_tim.o(.text)
    TIM_OC2Init                              0x08009feb   Thumb Code   474  stm32f4xx_tim.o(.text)
    TIM_OC3Init                              0x0800a1c5   Thumb Code   400  stm32f4xx_tim.o(.text)
    TIM_OC4Init                              0x0800a355   Thumb Code   290  stm32f4xx_tim.o(.text)
    TIM_OCStructInit                         0x0800a477   Thumb Code    20  stm32f4xx_tim.o(.text)
    TIM_SelectOCxM                           0x0800a48b   Thumb Code   250  stm32f4xx_tim.o(.text)
    TIM_SetCompare1                          0x0800a585   Thumb Code   144  stm32f4xx_tim.o(.text)
    TIM_SetCompare2                          0x0800a615   Thumb Code    70  stm32f4xx_tim.o(.text)
    TIM_SetCompare3                          0x0800a65b   Thumb Code    58  stm32f4xx_tim.o(.text)
    TIM_SetCompare4                          0x0800a695   Thumb Code    58  stm32f4xx_tim.o(.text)
    TIM_ForcedOC1Config                      0x0800a6cf   Thumb Code   126  stm32f4xx_tim.o(.text)
    TIM_ForcedOC2Config                      0x0800a74d   Thumb Code   110  stm32f4xx_tim.o(.text)
    TIM_ForcedOC3Config                      0x0800a7bb   Thumb Code    90  stm32f4xx_tim.o(.text)
    TIM_ForcedOC4Config                      0x0800a815   Thumb Code    98  stm32f4xx_tim.o(.text)
    TIM_OC1PreloadConfig                     0x0800a877   Thumb Code   124  stm32f4xx_tim.o(.text)
    TIM_OC2PreloadConfig                     0x0800a8f3   Thumb Code   108  stm32f4xx_tim.o(.text)
    TIM_OC3PreloadConfig                     0x0800a95f   Thumb Code    88  stm32f4xx_tim.o(.text)
    TIM_OC4PreloadConfig                     0x0800a9b7   Thumb Code   146  stm32f4xx_tim.o(.text)
    TIM_OC1FastConfig                        0x0800aa49   Thumb Code   124  stm32f4xx_tim.o(.text)
    TIM_OC2FastConfig                        0x0800aac5   Thumb Code   108  stm32f4xx_tim.o(.text)
    TIM_OC3FastConfig                        0x0800ab31   Thumb Code    88  stm32f4xx_tim.o(.text)
    TIM_OC4FastConfig                        0x0800ab89   Thumb Code    96  stm32f4xx_tim.o(.text)
    TIM_ClearOC1Ref                          0x0800abe9   Thumb Code   124  stm32f4xx_tim.o(.text)
    TIM_ClearOC2Ref                          0x0800ac65   Thumb Code   106  stm32f4xx_tim.o(.text)
    TIM_ClearOC3Ref                          0x0800accf   Thumb Code    88  stm32f4xx_tim.o(.text)
    TIM_ClearOC4Ref                          0x0800ad27   Thumb Code    94  stm32f4xx_tim.o(.text)
    TIM_OC1PolarityConfig                    0x0800ad85   Thumb Code   124  stm32f4xx_tim.o(.text)
    TIM_OC1NPolarityConfig                   0x0800ae01   Thumb Code   114  stm32f4xx_tim.o(.text)
    TIM_OC2PolarityConfig                    0x0800ae73   Thumb Code   108  stm32f4xx_tim.o(.text)
    TIM_OC2NPolarityConfig                   0x0800aedf   Thumb Code    72  stm32f4xx_tim.o(.text)
    TIM_OC3PolarityConfig                    0x0800af27   Thumb Code    96  stm32f4xx_tim.o(.text)
    TIM_OC3NPolarityConfig                   0x0800af87   Thumb Code    72  stm32f4xx_tim.o(.text)
    TIM_OC4PolarityConfig                    0x0800afcf   Thumb Code    96  stm32f4xx_tim.o(.text)
    TIM_CCxCmd                               0x0800b02f   Thumb Code   168  stm32f4xx_tim.o(.text)
    TIM_CCxNCmd                              0x0800b0d7   Thumb Code   104  stm32f4xx_tim.o(.text)
    TIM_SetIC4Prescaler                      0x0800b13f   Thumb Code   106  stm32f4xx_tim.o(.text)
    TIM_SetIC3Prescaler                      0x0800b1f9   Thumb Code   148  stm32f4xx_tim.o(.text)
    TIM_SetIC2Prescaler                      0x0800b2d5   Thumb Code   118  stm32f4xx_tim.o(.text)
    TIM_SetIC1Prescaler                      0x0800b39b   Thumb Code   134  stm32f4xx_tim.o(.text)
    TIM_ICInit                               0x0800b45b   Thumb Code   460  stm32f4xx_tim.o(.text)
    TIM_ICStructInit                         0x0800b627   Thumb Code    18  stm32f4xx_tim.o(.text)
    TIM_PWMIConfig                           0x0800b639   Thumb Code   234  stm32f4xx_tim.o(.text)
    TIM_GetCapture1                          0x0800b723   Thumb Code    92  stm32f4xx_tim.o(.text)
    TIM_GetCapture2                          0x0800b77f   Thumb Code    68  stm32f4xx_tim.o(.text)
    TIM_GetCapture3                          0x0800b7c3   Thumb Code    56  stm32f4xx_tim.o(.text)
    TIM_GetCapture4                          0x0800b7fb   Thumb Code    56  stm32f4xx_tim.o(.text)
    TIM_BDTRConfig                           0x0800b833   Thumb Code   222  stm32f4xx_tim.o(.text)
    TIM_BDTRStructInit                       0x0800b911   Thumb Code    18  stm32f4xx_tim.o(.text)
    TIM_CtrlPWMOutputs                       0x0800b923   Thumb Code    78  stm32f4xx_tim.o(.text)
    TIM_SelectCOM                            0x0800b971   Thumb Code    72  stm32f4xx_tim.o(.text)
    TIM_CCPreloadControl                     0x0800b9b9   Thumb Code    72  stm32f4xx_tim.o(.text)
    TIM_ITConfig                             0x0800ba01   Thumb Code   216  stm32f4xx_tim.o(.text)
    TIM_GenerateEvent                        0x0800bad9   Thumb Code   126  stm32f4xx_tim.o(.text)
    TIM_GetFlagStatus                        0x0800bb57   Thumb Code   188  stm32f4xx_tim.o(.text)
    TIM_ClearFlag                            0x0800bc13   Thumb Code   108  stm32f4xx_tim.o(.text)
    TIM_GetITStatus                          0x0800bc7f   Thumb Code   186  stm32f4xx_tim.o(.text)
    TIM_ClearITPendingBit                    0x0800bd39   Thumb Code   108  stm32f4xx_tim.o(.text)
    TIM_DMAConfig                            0x0800bda5   Thumb Code   328  stm32f4xx_tim.o(.text)
    TIM_DMACmd                               0x0800beed   Thumb Code   126  stm32f4xx_tim.o(.text)
    TIM_SelectCCDMA                          0x0800bf6b   Thumb Code    96  stm32f4xx_tim.o(.text)
    TIM_InternalClockConfig                  0x0800bfcb   Thumb Code    76  stm32f4xx_tim.o(.text)
    TIM_SelectInputTrigger                   0x0800c017   Thumb Code   148  stm32f4xx_tim.o(.text)
    TIM_ITRxExternalClockConfig              0x0800c0ab   Thumb Code   110  stm32f4xx_tim.o(.text)
    TIM_TIxExternalClockConfig               0x0800c119   Thumb Code   184  stm32f4xx_tim.o(.text)
    TIM_ETRConfig                            0x0800c1d1   Thumb Code   164  stm32f4xx_tim.o(.text)
    TIM_ETRClockMode1Config                  0x0800c275   Thumb Code   228  stm32f4xx_tim.o(.text)
    TIM_ETRClockMode2Config                  0x0800c359   Thumb Code   152  stm32f4xx_tim.o(.text)
    TIM_SelectOutputTrigger                  0x0800c3f1   Thumb Code   126  stm32f4xx_tim.o(.text)
    TIM_SelectSlaveMode                      0x0800c46f   Thumb Code   112  stm32f4xx_tim.o(.text)
    TIM_SelectMasterSlaveMode                0x0800c4df   Thumb Code   102  stm32f4xx_tim.o(.text)
    TIM_EncoderInterfaceConfig               0x0800c545   Thumb Code   226  stm32f4xx_tim.o(.text)
    TIM_SelectHallSensor                     0x0800c627   Thumb Code   108  stm32f4xx_tim.o(.text)
    TIM_RemapConfig                          0x0800c693   Thumb Code   138  stm32f4xx_tim.o(.text)
    USART_DeInit                             0x0800c71d   Thumb Code   202  stm32f4xx_usart.o(.text)
    USART_Init                               0x0800c7e7   Thumb Code   456  stm32f4xx_usart.o(.text)
    USART_StructInit                         0x0800c9af   Thumb Code    24  stm32f4xx_usart.o(.text)
    USART_ClockInit                          0x0800c9c7   Thumb Code   166  stm32f4xx_usart.o(.text)
    USART_ClockStructInit                    0x0800ca6d   Thumb Code    12  stm32f4xx_usart.o(.text)
    USART_Cmd                                0x0800ca79   Thumb Code    96  stm32f4xx_usart.o(.text)
    USART_SetPrescaler                       0x0800cad9   Thumb Code   102  stm32f4xx_usart.o(.text)
    USART_OverSampling8Cmd                   0x0800cb3f   Thumb Code    94  stm32f4xx_usart.o(.text)
    USART_OneBitMethodCmd                    0x0800cb9d   Thumb Code    96  stm32f4xx_usart.o(.text)
    USART_SendData                           0x0800cbfd   Thumb Code    80  stm32f4xx_usart.o(.text)
    USART_ReceiveData                        0x0800cc4d   Thumb Code    60  stm32f4xx_usart.o(.text)
    USART_SetAddress                         0x0800cc89   Thumb Code    88  stm32f4xx_usart.o(.text)
    USART_ReceiverWakeUpCmd                  0x0800cce1   Thumb Code    96  stm32f4xx_usart.o(.text)
    USART_WakeUpConfig                       0x0800cd41   Thumb Code    92  stm32f4xx_usart.o(.text)
    USART_LINBreakDetectLengthConfig         0x0800cd9d   Thumb Code    90  stm32f4xx_usart.o(.text)
    USART_LINCmd                             0x0800cdf7   Thumb Code    96  stm32f4xx_usart.o(.text)
    USART_SendBreak                          0x0800ce57   Thumb Code    62  stm32f4xx_usart.o(.text)
    USART_HalfDuplexCmd                      0x0800ce95   Thumb Code    96  stm32f4xx_usart.o(.text)
    USART_SetGuardTime                       0x0800cef5   Thumb Code    86  stm32f4xx_usart.o(.text)
    USART_SmartCardCmd                       0x0800cf4b   Thumb Code    84  stm32f4xx_usart.o(.text)
    USART_SmartCardNACKCmd                   0x0800cf9f   Thumb Code    84  stm32f4xx_usart.o(.text)
    USART_IrDAConfig                         0x0800cff3   Thumb Code    90  stm32f4xx_usart.o(.text)
    USART_IrDACmd                            0x0800d04d   Thumb Code    96  stm32f4xx_usart.o(.text)
    USART_DMACmd                             0x0800d0ad   Thumb Code   114  stm32f4xx_usart.o(.text)
    USART_ITConfig                           0x0800d11f   Thumb Code   260  stm32f4xx_usart.o(.text)
    USART_GetFlagStatus                      0x0800d223   Thumb Code   170  stm32f4xx_usart.o(.text)
    USART_ClearFlag                          0x0800d2cd   Thumb Code   158  stm32f4xx_usart.o(.text)
    USART_GetITStatus                        0x0800d36b   Thumb Code   278  stm32f4xx_usart.o(.text)
    USART_ClearITPendingBit                  0x0800d481   Thumb Code   164  stm32f4xx_usart.o(.text)
    __aeabi_dadd                             0x0800d541   Thumb Code   322  dadd.o(.text)
    __aeabi_dsub                             0x0800d683   Thumb Code     6  dadd.o(.text)
    __aeabi_drsub                            0x0800d689   Thumb Code     6  dadd.o(.text)
    __aeabi_dmul                             0x0800d68f   Thumb Code   228  dmul.o(.text)
    __aeabi_i2d                              0x0800d773   Thumb Code    34  dflti.o(.text)
    __aeabi_cdcmpeq                          0x0800d795   Thumb Code     0  cdcmple.o(.text)
    __aeabi_cdcmple                          0x0800d795   Thumb Code    48  cdcmple.o(.text)
    __aeabi_cdrcmple                         0x0800d7c5   Thumb Code    48  cdrcmple.o(.text)
    __aeabi_d2f                              0x0800d7f5   Thumb Code    56  d2f.o(.text)
    __aeabi_llsl                             0x0800d82d   Thumb Code    30  llshl.o(.text)
    _ll_shift_l                              0x0800d82d   Thumb Code     0  llshl.o(.text)
    __aeabi_lasr                             0x0800d84b   Thumb Code    36  llsshr.o(.text)
    _ll_sshift_r                             0x0800d84b   Thumb Code     0  llsshr.o(.text)
    __I$use$fp                               0x0800d86f   Thumb Code     0  iusefp.o(.text)
    _float_round                             0x0800d86f   Thumb Code    18  fepilogue.o(.text)
    _float_epilogue                          0x0800d881   Thumb Code    92  fepilogue.o(.text)
    _double_round                            0x0800d8dd   Thumb Code    30  depilogue.o(.text)
    _double_epilogue                         0x0800d8fb   Thumb Code   156  depilogue.o(.text)
    __scatterload                            0x0800d999   Thumb Code    28  init.o(.text)
    __scatterload_rt2                        0x0800d999   Thumb Code     0  init.o(.text)
    __aeabi_llsr                             0x0800d9bd   Thumb Code    32  llushr.o(.text)
    _ll_ushift_r                             0x0800d9bd   Thumb Code     0  llushr.o(.text)
    __decompress                             0x0800d9dd   Thumb Code     0  __dczerorl2.o(.text)
    __decompress1                            0x0800d9dd   Thumb Code    86  __dczerorl2.o(.text)
    __scatterload_copy                       0x0800da33   Thumb Code    14  handlers.o(i.__scatterload_copy)
    __scatterload_null                       0x0800da41   Thumb Code     2  handlers.o(i.__scatterload_null)
    __scatterload_zeroinit                   0x0800da43   Thumb Code    14  handlers.o(i.__scatterload_zeroinit)
    fast_atan_table                          0x0800da50   Data        1028  ano_math.o(.constdata)
    Region$$Table$$Base                      0x0800e0e8   Number         0  anon$$obj.o(Region$$Table)
    Region$$Table$$Limit                     0x0800e108   Number         0  anon$$obj.o(Region$$Table)
    fc_bat                                   0x2000005e   Data           4  ano_lx.o(.data)
    sti_fun                                  0x20000076   Data           2  lx_fc_state.o(.data)
    UWB_data_len                             0x2000007c   Data           1  ano_uwb.o(.data)
    UWB_Data_OK                              0x2000007d   Data           1  ano_uwb.o(.data)
    i                                        0x2000007f   Data           1  ano_uwb.o(.data)
    pvt_receive_updata                       0x2000009e   Data           1  drv_ubloxgps.o(.data)
    fre_test_cnt                             0x200000a0   Data           2  drv_ubloxgps.o(.data)
    Period_Out_H                             0x200000a2   Data          14  drv_ubloxgps.o(.data)
    Period_Out_L                             0x200000b0   Data          14  drv_ubloxgps.o(.data)
    Pulse_Period                             0x200000be   Data          28  drv_ubloxgps.o(.data)
    Baud115200                               0x200000da   Data          28  drv_ubloxgps.o(.data)
    Save_Con                                 0x200000f6   Data          21  drv_ubloxgps.o(.data)
    POLLSH_SET                               0x2000010b   Data          11  drv_ubloxgps.o(.data)
    SOL_SET                                  0x20000116   Data          11  drv_ubloxgps.o(.data)
    VELNED_SET                               0x20000121   Data          11  drv_ubloxgps.o(.data)
    TIMEUTC_SET                              0x2000012c   Data          11  drv_ubloxgps.o(.data)
    DOP_SET                                  0x20000137   Data          11  drv_ubloxgps.o(.data)
    PVT_SET                                  0x20000142   Data          11  drv_ubloxgps.o(.data)
    pvt_recerve_ok_cnt                       0x20000152   Data           1  drv_ubloxgps.o(.data)
    led                                      0x20000160   Data           4  drv_led.o(.data)
    Tx1Counter                               0x20000170   Data           1  drv_uart.o(.data)
    count1                                   0x20000171   Data           1  drv_uart.o(.data)
    U1RxInCnt                                0x20000172   Data           1  drv_uart.o(.data)
    U1RxoutCnt                               0x20000173   Data           1  drv_uart.o(.data)
    TxCounter                                0x20000174   Data           1  drv_uart.o(.data)
    count                                    0x20000175   Data           1  drv_uart.o(.data)
    U2RxInCnt                                0x20000176   Data           1  drv_uart.o(.data)
    U2RxoutCnt                               0x20000177   Data           1  drv_uart.o(.data)
    Tx3Counter                               0x20000178   Data           1  drv_uart.o(.data)
    count3                                   0x20000179   Data           1  drv_uart.o(.data)
    U3RxInCnt                                0x2000017a   Data           1  drv_uart.o(.data)
    U3RxoutCnt                               0x2000017b   Data           1  drv_uart.o(.data)
    Tx4Counter                               0x2000017c   Data           1  drv_uart.o(.data)
    count4                                   0x2000017d   Data           1  drv_uart.o(.data)
    U4RxInCnt                                0x2000017e   Data           1  drv_uart.o(.data)
    U4RxoutCnt                               0x2000017f   Data           1  drv_uart.o(.data)
    Tx5Counter                               0x20000180   Data           1  drv_uart.o(.data)
    count5                                   0x20000181   Data           1  drv_uart.o(.data)
    U5RxInCnt                                0x20000182   Data           1  drv_uart.o(.data)
    U5RxoutCnt                               0x20000183   Data           1  drv_uart.o(.data)
    SystemCoreClock                          0x20000184   Data           4  system_stm32f4xx.o(.data)
    AHBPrescTable                            0x20000188   Data          16  system_stm32f4xx.o(.data)
    send_buffer                              0x200001a8   Data          50  ano_dt_lx.o(.bss)
    dt                                       0x200001dc   Data        1564  ano_dt_lx.o(.bss)
    rt_tar                                   0x200008f8   Data          14  ano_lx.o(.bss)
    pwm_to_esc                               0x20000906   Data          16  ano_lx.o(.bss)
    ext_sens                                 0x20000926   Data          48  lx_fc_ext_sensor.o(.bss)
    fc_sta                                   0x20000956   Data          11  lx_fc_state.o(.bss)
    uwb_data                                 0x20000964   Data         136  ano_uwb.o(.bss)
    UWB_RxBuffer                             0x200009ec   Data         256  ano_uwb.o(.bss)
    distance_to_zero                         0x20000aec   Data          16  ano_uwb.o(.bss)
    rc_in                                    0x20000afc   Data          82  drv_bsp.o(.bss)
    ano_of                                   0x20000b68   Data          60  drv_anoof.o(.bss)
    ubx                                      0x20000be4   Data         100  drv_ubloxgps.o(.bss)
    AdcValue                                 0x20000c48   Data         100  drv_adc.o(.bss)
    Tx1Buffer                                0x20000cac   Data         256  drv_uart.o(.bss)
    U1RxDataTmp                              0x20000dac   Data         100  drv_uart.o(.bss)
    TxBuffer                                 0x20000e10   Data         256  drv_uart.o(.bss)
    U2RxDataTmp                              0x20000f10   Data         100  drv_uart.o(.bss)
    Tx3Buffer                                0x20000f74   Data         256  drv_uart.o(.bss)
    U3RxDataTmp                              0x20001074   Data         100  drv_uart.o(.bss)
    Tx4Buffer                                0x200010d8   Data         256  drv_uart.o(.bss)
    U4RxDataTmp                              0x200011d8   Data         100  drv_uart.o(.bss)
    Tx5Buffer                                0x2000123c   Data         256  drv_uart.o(.bss)
    U5RxDataTmp                              0x2000133c   Data         100  drv_uart.o(.bss)
    __initial_sp                             0x20001ba0   Data           0  startup_stm32f4xx.o(STACK)



==============================================================================

Memory Map of the image

  Image Entry point : 0x08000189

  Load Region LR_IROM1 (Base: 0x08000000, Size: 0x0000e2b0, Max: 0x00100000, ABSOLUTE, COMPRESSED[0x0000e1b4])

    Execution Region ER_IROM1 (Exec base: 0x08000000, Load base: 0x08000000, Size: 0x0000e108, Max: 0x00100000, ABSOLUTE)

    Exec Addr    Load Addr    Size         Type   Attr      Idx    E Section Name        Object

    0x08000000   0x08000000   0x00000188   Data   RO          589    RESET               startup_stm32f4xx.o
    0x08000188   0x08000188   0x00000000   Code   RO          788  * .ARM.Collect$$$$00000000  mc_w.l(entry.o)
    0x08000188   0x08000188   0x00000004   Code   RO          803    .ARM.Collect$$$$00000001  mc_w.l(entry2.o)
    0x0800018c   0x0800018c   0x00000004   Code   RO          806    .ARM.Collect$$$$00000004  mc_w.l(entry5.o)
    0x08000190   0x08000190   0x00000000   Code   RO          808    .ARM.Collect$$$$00000008  mc_w.l(entry7b.o)
    0x08000190   0x08000190   0x00000000   Code   RO          810    .ARM.Collect$$$$0000000A  mc_w.l(entry8b.o)
    0x08000190   0x08000190   0x00000008   Code   RO          811    .ARM.Collect$$$$0000000B  mc_w.l(entry9a.o)
    0x08000198   0x08000198   0x00000004   Code   RO          818    .ARM.Collect$$$$0000000E  mc_w.l(entry12b.o)
    0x0800019c   0x0800019c   0x00000000   Code   RO          813    .ARM.Collect$$$$0000000F  mc_w.l(entry10a.o)
    0x0800019c   0x0800019c   0x00000000   Code   RO          815    .ARM.Collect$$$$00000011  mc_w.l(entry11a.o)
    0x0800019c   0x0800019c   0x00000004   Code   RO          804    .ARM.Collect$$$$00002712  mc_w.l(entry2.o)
    0x080001a0   0x080001a0   0x00000014   Code   RO            2    .text               main.o
    0x080001b4   0x080001b4   0x000000b0   Code   RO          112    .text               ano_scheduler.o
    0x08000264   0x08000264   0x000000c8   Code   RO          133    .text               user_task.o
    0x0800032c   0x0800032c   0x00000738   Code   RO          156    .text               ano_dt_lx.o
    0x08000a64   0x08000a64   0x000004e4   Code   RO          202    .text               ano_lx.o
    0x08000f48   0x08000f48   0x000000e4   Code   RO          249    .text               lx_fc_ext_sensor.o
    0x0800102c   0x0800102c   0x0000029c   Code   RO          272    .text               lx_fc_fun.o
    0x080012c8   0x080012c8   0x00000284   Code   RO          289    .text               lx_fc_state.o
    0x0800154c   0x0800154c   0x00001728   Code   RO          312    .text               ano_uwb.o
    0x08002c74   0x08002c74   0x00000518   Code   RO          335    .text               drv_bsp.o
    0x0800318c   0x0800318c   0x0000087c   Code   RO          361    .text               ano_math.o
    0x08003a08   0x08003a08   0x00000340   Code   RO          380    .text               drv_anoof.o
    0x08003d48   0x08003d48   0x000003a8   Code   RO          403    .text               drv_ubloxgps.o
    0x080040f0   0x080040f0   0x0000007c   Code   RO          423    .text               stm32f4xx_it.o
    0x0800416c   0x0800416c   0x00000108   Code   RO          439    .text               drv_sys.o
    0x08004274   0x08004274   0x00000194   Code   RO          467    .text               drv_adc.o
    0x08004408   0x08004408   0x0000011c   Code   RO          489    .text               drv_led.o
    0x08004524   0x08004524   0x0000037c   Code   RO          511    .text               drv_pwmout.o
    0x080048a0   0x080048a0   0x000001e4   Code   RO          527    .text               drv_rcin.o
    0x08004a84   0x08004a84   0x0000008c   Code   RO          544    .text               drv_timer.o
    0x08004b10   0x08004b10   0x00000a50   Code   RO          564    .text               drv_uart.o
    0x08005560   0x08005560   0x00000024   Code   RO          590    .text               startup_stm32f4xx.o
    0x08005584   0x08005584   0x00000210   Code   RO          595    .text               system_stm32f4xx.o
    0x08005794   0x08005794   0x000001c0   Code   RO          617    .text               misc.o
    0x08005954   0x08005954   0x00000fdc   Code   RO          634    .text               stm32f4xx_adc.o
    0x08006930   0x08006930   0x00001368   Code   RO          651    .text               stm32f4xx_dma.o
    0x08007c98   0x08007c98   0x000002d4   Code   RO          668    .text               stm32f4xx_exti.o
    0x08007f6c   0x08007f6c   0x000008c8   Code   RO          702    .text               stm32f4xx_gpio.o
    0x08008834   0x08008834   0x00000cfc   Code   RO          719    .text               stm32f4xx_rcc.o
    0x08009530   0x08009530   0x000031ec   Code   RO          755    .text               stm32f4xx_tim.o
    0x0800c71c   0x0800c71c   0x00000e24   Code   RO          772    .text               stm32f4xx_usart.o
    0x0800d540   0x0800d540   0x0000014e   Code   RO          791    .text               mf_w.l(dadd.o)
    0x0800d68e   0x0800d68e   0x000000e4   Code   RO          793    .text               mf_w.l(dmul.o)
    0x0800d772   0x0800d772   0x00000022   Code   RO          795    .text               mf_w.l(dflti.o)
    0x0800d794   0x0800d794   0x00000030   Code   RO          797    .text               mf_w.l(cdcmple.o)
    0x0800d7c4   0x0800d7c4   0x00000030   Code   RO          799    .text               mf_w.l(cdrcmple.o)
    0x0800d7f4   0x0800d7f4   0x00000038   Code   RO          801    .text               mf_w.l(d2f.o)
    0x0800d82c   0x0800d82c   0x0000001e   Code   RO          819    .text               mc_w.l(llshl.o)
    0x0800d84a   0x0800d84a   0x00000024   Code   RO          821    .text               mc_w.l(llsshr.o)
    0x0800d86e   0x0800d86e   0x00000000   Code   RO          823    .text               mc_w.l(iusefp.o)
    0x0800d86e   0x0800d86e   0x0000006e   Code   RO          824    .text               mf_w.l(fepilogue.o)
    0x0800d8dc   0x0800d8dc   0x000000ba   Code   RO          826    .text               mf_w.l(depilogue.o)
    0x0800d996   0x0800d996   0x00000002   PAD
    0x0800d998   0x0800d998   0x00000024   Code   RO          828    .text               mc_w.l(init.o)
    0x0800d9bc   0x0800d9bc   0x00000020   Code   RO          830    .text               mc_w.l(llushr.o)
    0x0800d9dc   0x0800d9dc   0x00000056   Code   RO          840    .text               mc_w.l(__dczerorl2.o)
    0x0800da32   0x0800da32   0x0000000e   Code   RO          834    i.__scatterload_copy  mc_w.l(handlers.o)
    0x0800da40   0x0800da40   0x00000002   Code   RO          835    i.__scatterload_null  mc_w.l(handlers.o)
    0x0800da42   0x0800da42   0x0000000e   Code   RO          836    i.__scatterload_zeroinit  mc_w.l(handlers.o)
    0x0800da50   0x0800da50   0x00000404   Data   RO          362    .constdata          ano_math.o
    0x0800de54   0x0800de54   0x00000048   Data   RO          618    .conststring        misc.o
    0x0800de9c   0x0800de9c   0x00000051   Data   RO          635    .conststring        stm32f4xx_adc.o
    0x0800deed   0x0800deed   0x00000003   PAD
    0x0800def0   0x0800def0   0x00000051   Data   RO          652    .conststring        stm32f4xx_dma.o
    0x0800df41   0x0800df41   0x00000003   PAD
    0x0800df44   0x0800df44   0x00000052   Data   RO          669    .conststring        stm32f4xx_exti.o
    0x0800df96   0x0800df96   0x00000002   PAD
    0x0800df98   0x0800df98   0x00000052   Data   RO          703    .conststring        stm32f4xx_gpio.o
    0x0800dfea   0x0800dfea   0x00000002   PAD
    0x0800dfec   0x0800dfec   0x00000051   Data   RO          720    .conststring        stm32f4xx_rcc.o
    0x0800e03d   0x0800e03d   0x00000003   PAD
    0x0800e040   0x0800e040   0x00000051   Data   RO          756    .conststring        stm32f4xx_tim.o
    0x0800e091   0x0800e091   0x00000003   PAD
    0x0800e094   0x0800e094   0x00000053   Data   RO          773    .conststring        stm32f4xx_usart.o
    0x0800e0e7   0x0800e0e7   0x00000001   PAD
    0x0800e0e8   0x0800e0e8   0x00000020   Data   RO          832    Region$$Table       anon$$obj.o


    Execution Region RW_IRAM1 (Exec base: 0x20000000, Load base: 0x0800e108, Size: 0x00001ba0, Max: 0x00020000, ABSOLUTE, COMPRESSED[0x000000ac])

    Exec Addr    Load Addr    Size         Type   Attr      Idx    E Section Name        Object

    0x20000000   COMPRESSED   0x00000054   Data   RW          113    .data               ano_scheduler.o
    0x20000054   COMPRESSED   0x00000004   Data   RW          134    .data               user_task.o
    0x20000058   COMPRESSED   0x00000006   Data   RW          158    .data               ano_dt_lx.o
    0x2000005e   COMPRESSED   0x00000012   Data   RW          204    .data               ano_lx.o
    0x20000070   COMPRESSED   0x00000004   Data   RW          251    .data               lx_fc_ext_sensor.o
    0x20000074   COMPRESSED   0x00000001   Data   RW          273    .data               lx_fc_fun.o
    0x20000075   COMPRESSED   0x00000001   PAD
    0x20000076   COMPRESSED   0x00000006   Data   RW          291    .data               lx_fc_state.o
    0x2000007c   COMPRESSED   0x00000009   Data   RW          314    .data               ano_uwb.o
    0x20000085   COMPRESSED   0x00000003   PAD
    0x20000088   COMPRESSED   0x00000012   Data   RW          337    .data               drv_bsp.o
    0x2000009a   COMPRESSED   0x00000003   Data   RW          382    .data               drv_anoof.o
    0x2000009d   COMPRESSED   0x00000001   PAD
    0x2000009e   COMPRESSED   0x000000b6   Data   RW          405    .data               drv_ubloxgps.o
    0x20000154   COMPRESSED   0x00000004   PAD
    0x20000158   COMPRESSED   0x00000008   Data   RW          440    .data               drv_sys.o
    0x20000160   COMPRESSED   0x0000000c   Data   RW          490    .data               drv_led.o
    0x2000016c   COMPRESSED   0x00000004   Data   RW          528    .data               drv_rcin.o
    0x20000170   COMPRESSED   0x00000014   Data   RW          566    .data               drv_uart.o
    0x20000184   COMPRESSED   0x00000014   Data   RW          596    .data               system_stm32f4xx.o
    0x20000198   COMPRESSED   0x00000010   Data   RW          721    .data               stm32f4xx_rcc.o
    0x200001a8        -       0x00000750   Zero   RW          157    .bss                ano_dt_lx.o
    0x200008f8        -       0x0000002e   Zero   RW          203    .bss                ano_lx.o
    0x20000926        -       0x00000030   Zero   RW          250    .bss                lx_fc_ext_sensor.o
    0x20000956        -       0x0000000b   Zero   RW          290    .bss                lx_fc_state.o
    0x20000961   COMPRESSED   0x00000003   PAD
    0x20000964        -       0x00000198   Zero   RW          313    .bss                ano_uwb.o
    0x20000afc        -       0x0000006b   Zero   RW          336    .bss                drv_bsp.o
    0x20000b67   COMPRESSED   0x00000001   PAD
    0x20000b68        -       0x0000007c   Zero   RW          381    .bss                drv_anoof.o
    0x20000be4        -       0x00000064   Zero   RW          404    .bss                drv_ubloxgps.o
    0x20000c48        -       0x00000064   Zero   RW          468    .bss                drv_adc.o
    0x20000cac        -       0x000006f4   Zero   RW          565    .bss                drv_uart.o
    0x200013a0        -       0x00000800   Zero   RW          587    STACK               startup_stm32f4xx.o


==============================================================================

Image component sizes


      Code (inc. data)   RO Data    RW Data    ZI Data      Debug   Object Name

      1848         74          0          6       1872       5726   ano_dt_lx.o
      1252        104          0         18         46       4873   ano_lx.o
      2172        142       1028          0          0       7794   ano_math.o
       176          4          0         84          0       1944   ano_scheduler.o
      5928         82          0          9        408       3549   ano_uwb.o
       404         36          0          0        100       1921   drv_adc.o
       832         36          0          3        124       3126   drv_anoof.o
      1304         70          0         18        107       3550   drv_bsp.o
       284         12          0         12          0       2542   drv_led.o
       892         38          0          0          0       1843   drv_pwmout.o
       484         20          0          4          0       1460   drv_rcin.o
       264         12          0          8          0      20365   drv_sys.o
       140          4          0          0          0        935   drv_timer.o
      2640        170          0         20       1780       9031   drv_uart.o
       936         82          0        182        100       3447   drv_ubloxgps.o
       228         30          0          4         48       2663   lx_fc_ext_sensor.o
       668         12          0          1          0       2744   lx_fc_fun.o
       644         30          0          6         11       2063   lx_fc_state.o
        20          0          0          0          0     299108   main.o
       448         30         72          0          0       2309   misc.o
        36          8        392          0       2048        972   startup_stm32f4xx.o
      4060        104         81          0          0      13622   stm32f4xx_adc.o
      4968        316         81          0          0       9237   stm32f4xx_dma.o
       724         14         82          0          0       2983   stm32f4xx_exti.o
      2248         86         82          0          0       5685   stm32f4xx_gpio.o
       124          4          0          0          0       2338   stm32f4xx_it.o
      3324        218         81         16          0      13839   stm32f4xx_rcc.o
     12780        628         81          0          0      31480   stm32f4xx_tim.o
      3620        116         83          0          0      10352   stm32f4xx_usart.o
       528         46          0         20          0       2235   system_stm32f4xx.o
       200         22          0          4          0        729   user_task.o

    ----------------------------------------------------------------------
     54176       2550       2112        424       6648     474465   Object Totals
         0          0         32          0          0          0   (incl. Generated)
         0          0         17          9          4          0   (incl. Padding)

    ----------------------------------------------------------------------

      Code (inc. data)   RO Data    RW Data    ZI Data      Debug   Library Member Name

        86          0          0          0          0          0   __dczerorl2.o
         0          0          0          0          0          0   entry.o
         0          0          0          0          0          0   entry10a.o
         0          0          0          0          0          0   entry11a.o
         4          0          0          0          0          0   entry12b.o
         8          4          0          0          0          0   entry2.o
         4          0          0          0          0          0   entry5.o
         0          0          0          0          0          0   entry7b.o
         0          0          0          0          0          0   entry8b.o
         8          4          0          0          0          0   entry9a.o
        30          0          0          0          0          0   handlers.o
        36          8          0          0          0         68   init.o
         0          0          0          0          0          0   iusefp.o
        30          0          0          0          0         68   llshl.o
        36          0          0          0          0         68   llsshr.o
        32          0          0          0          0         68   llushr.o
        48          0          0          0          0         68   cdcmple.o
        48          0          0          0          0         68   cdrcmple.o
        56          0          0          0          0         88   d2f.o
       334          0          0          0          0        148   dadd.o
       186          0          0          0          0        176   depilogue.o
        34          0          0          0          0         76   dflti.o
       228          0          0          0          0         96   dmul.o
       110          0          0          0          0        168   fepilogue.o

    ----------------------------------------------------------------------
      1320         16          0          0          0       1160   Library Totals
         2          0          0          0          0          0   (incl. Padding)

    ----------------------------------------------------------------------

      Code (inc. data)   RO Data    RW Data    ZI Data      Debug   Library Name

       274         16          0          0          0        272   mc_w.l
      1044          0          0          0          0        888   mf_w.l

    ----------------------------------------------------------------------
      1320         16          0          0          0       1160   Library Totals

    ----------------------------------------------------------------------

==============================================================================


      Code (inc. data)   RO Data    RW Data    ZI Data      Debug   

     55496       2566       2112        424       6648     470389   Grand Totals
     55496       2566       2112        172       6648     470389   ELF Image Totals (compressed)
     55496       2566       2112        172          0          0   ROM Totals

==============================================================================

    Total RO  Size (Code + RO Data)                57608 (  56.26kB)
    Total RW  Size (RW Data + ZI Data)              7072 (   6.91kB)
    Total ROM Size (Code + RO Data + RW Data)      57780 (  56.43kB)

==============================================================================

